106.13.58.36 - - [16/Apr/2019:21:00:12 +0800] "POST /h1.php HTTP/1.1" 404 1121 "-" "Mozilla/5.0 (Windows NT 10.0; Win64; x64) AppleWebKit/537.36 (KHTML, like Gecko) Chrome/68.0.3440.106 Safari/537.36"
106.13.58.36 - - [16/Apr/2019:21:00:12 +0800] "POST /test.php HTTP/1.1" 404 1121 "-" "Mozilla/5.0 (Windows NT 10.0; Win64; x64) AppleWebKit/537.36 (KHTML, like Gecko) Chrome/68.0.3440.106 Safari/537.36"
106.13.58.36 - - [16/Apr/2019:21:00:12 +0800] "POST /3.php HTTP/1.1" 404 1121 "-" "Mozilla/5.0 (Windows NT 10.0; Win64; x64) AppleWebKit/537.36 (KHTML, like Gecko) Chrome/68.0.3440.106 Safari/537.36"
106.13.58.36 - - [16/Apr/2019:21:00:13 +0800] "POST /9510.php HTTP/1.1" 404 1121 "-" "Mozilla/5.0 (Windows NT 10.0; Win64; x64) AppleWebKit/537.36 (KHTML, like Gecko) Chrome/68.0.3440.106 Safari/537.36"
106.13.58.36 - - [16/Apr/2019:21:00:13 +0800] "POST /python.php HTTP/1.1" 404 1121 "-" "Mozilla/5.0 (Windows NT 10.0; Win64; x64) AppleWebKit/537.36 (KHTML, like Gecko) Chrome/68.0.3440.106 Safari/537.36"
106.13.58.36 - - [16/Apr/2019:21:00:13 +0800] "POST /default.php HTTP/1.1" 404 1121 "-" "Mozilla/5.0 (Windows NT 10.0; Win64; x64) AppleWebKit/537.36 (KHTML, like Gecko) Chrome/68.0.3440.106 Safari/537.36"
106.13.58.36 - - [16/Apr/2019:21:00:14 +0800] "POST /sean.php HTTP/1.1" 404 1121 "-" "Mozilla/5.0 (Windows NT 10.0; Win64; x64) AppleWebKit/537.36 (KHTML, like Gecko) Chrome/68.0.3440.106 Safari/537.36"
106.13.58.36 - - [16/Apr/2019:21:00:14 +0800] "POST /app.php HTTP/1.1" 404 1121 "-" "Mozilla/5.0 (Windows NT 10.0; Win64; x64) AppleWebKit/537.36 (KHTML, like Gecko) Chrome/68.0.3440.106 Safari/537.36"
106.13.58.36 - - [16/Apr/2019:21:00:14 +0800] "POST /help.php HTTP/1.1" 404 1121 "-" "Mozilla/5.0 (Windows NT 10.0; Win64; x64) AppleWebKit/537.36 (KHTML, like Gecko) Chrome/68.0.3440.106 Safari/537.36"
106.13.58.36 - - [16/Apr/2019:21:00:14 +0800] "POST /tiandi.php HTTP/1.1" 404 1121 "-" "Mozilla/5.0 (Windows NT 10.0; Win64; x64) AppleWebKit/537.36 (KHTML, like Gecko) Chrome/68.0.3440.106 Safari/537.36"
106.13.58.36 - - [16/Apr/2019:21:00:14 +0800] "POST /1.php HTTP/1.1" 404 1121 "-" "Mozilla/5.0 (Windows NT 10.0; Win64; x64) AppleWebKit/537.36 (KHTML, like Gecko) Chrome/68.0.3440.106 Safari/537.36"
106.13.58.36 - - [16/Apr/2019:21:00:14 +0800] "POST /miao.php HTTP/1.1" 404 1121 "-" "Mozilla/5.0 (Windows NT 10.0; Win64; x64) AppleWebKit/537.36 (KHTML, like Gecko) Chrome/68.0.3440.106 Safari/537.36"
106.13.58.36 - - [16/Apr/2019:21:00:14 +0800] "POST /xz.php HTTP/1.1" 404 1121 "-" "Mozilla/5.0 (Windows NT 10.0; Win64; x64) AppleWebKit/537.36 (KHTML, like Gecko) Chrome/68.0.3440.106 Safari/537.36"
106.13.58.36 - - [16/Apr/2019:21:00:14 +0800] "POST /linuxse.php HTTP/1.1" 404 1121 "-" "Mozilla/5.0 (Windows NT 10.0; Win64; x64) AppleWebKit/537.36 (KHTML, like Gecko) Chrome/68.0.3440.106 Safari/537.36"
106.13.58.36 - - [16/Apr/2019:21:00:15 +0800] "POST /zuoindex.php HTTP/1.1" 404 1121 "-" "Mozilla/5.0 (Windows NT 10.0; Win64; x64) AppleWebKit/537.36 (KHTML, like Gecko) Chrome/68.0.3440.106 Safari/537.36"
106.13.58.36 - - [16/Apr/2019:21:00:15 +0800] "POST /zshmindex.php HTTP/1.1" 404 1121 "-" "Mozilla/5.0 (Windows NT 10.0; Win64; x64) AppleWebKit/537.36 (KHTML, like Gecko) Chrome/68.0.3440.106 Safari/537.36"
106.13.58.36 - - [16/Apr/2019:21:00:15 +0800] "POST /tomcat.php HTTP/1.1" 404 1121 "-" "Mozilla/5.0 (Windows NT 10.0; Win64; x64) AppleWebKit/537.36 (KHTML, like Gecko) Chrome/68.0.3440.106 Safari/537.36"
106.13.58.36 - - [16/Apr/2019:21:00:15 +0800] "POST /ceshi.php HTTP/1.1" 404 1121 "-" "Mozilla/5.0 (Windows NT 10.0; Win64; x64) AppleWebKit/537.36 (KHTML, like Gecko) Chrome/68.0.3440.106 Safari/537.36"
106.13.58.36 - - [16/Apr/2019:21:00:15 +0800] "POST /1hou.php HTTP/1.1" 404 1121 "-" "Mozilla/5.0 (Windows NT 10.0; Win64; x64) AppleWebKit/537.36 (KHTML, like Gecko) Chrome/68.0.3440.106 Safari/537.36"
106.13.58.36 - - [16/Apr/2019:21:00:15 +0800] "POST /ou2.php HTTP/1.1" 404 1121 "-" "Mozilla/5.0 (Windows NT 10.0; Win64; x64) AppleWebKit/537.36 (KHTML, like Gecko) Chrome/68.0.3440.106 Safari/537.36"
106.13.58.36 - - [16/Apr/2019:21:00:15 +0800] "POST /zuos.php HTTP/1.1" 404 1121 "-" "Mozilla/5.0 (Windows NT 10.0; Win64; x64) AppleWebKit/537.36 (KHTML, like Gecko) Chrome/68.0.3440.106 Safari/537.36"
106.13.58.36 - - [16/Apr/2019:21:00:15 +0800] "POST /zuoss.php HTTP/1.1" 404 1121 "-" "Mozilla/5.0 (Windows NT 10.0; Win64; x64) AppleWebKit/537.36 (KHTML, like Gecko) Chrome/68.0.3440.106 Safari/537.36"
106.13.58.36 - - [16/Apr/2019:21:00:16 +0800] "POST /zuoshss.php HTTP/1.1" 404 1121 "-" "Mozilla/5.0 (Windows NT 10.0; Win64; x64) AppleWebKit/537.36 (KHTML, like Gecko) Chrome/68.0.3440.106 Safari/537.36"
106.13.58.36 - - [16/Apr/2019:21:00:16 +0800] "POST /boots.php HTTP/1.1" 404 1121 "-" "Mozilla/5.0 (Windows NT 10.0; Win64; x64) AppleWebKit/537.36 (KHTML, like Gecko) Chrome/68.0.3440.106 Safari/537.36"
106.13.58.36 - - [16/Apr/2019:21:00:16 +0800] "POST /she.php HTTP/1.1" 404 1121 "-" "Mozilla/5.0 (Windows NT 10.0; Win64; x64) AppleWebKit/537.36 (KHTML, like Gecko) Chrome/68.0.3440.106 Safari/537.36"
106.13.58.36 - - [16/Apr/2019:21:00:16 +0800] "POST /s.php HTTP/1.1" 404 1121 "-" "Mozilla/5.0 (Windows NT 10.0; Win64; x64) AppleWebKit/537.36 (KHTML, like Gecko) Chrome/68.0.3440.106 Safari/537.36"
106.13.58.36 - - [16/Apr/2019:21:00:16 +0800] "POST /qw.php HTTP/1.1" 404 1121 "-" "Mozilla/5.0 (Windows NT 10.0; Win64; x64) AppleWebKit/537.36 (KHTML, like Gecko) Chrome/68.0.3440.106 Safari/537.36"
106.13.58.36 - - [16/Apr/2019:21:00:16 +0800] "POST /test.php HTTP/1.1" 404 1121 "-" "Mozilla/5.0 (Windows NT 10.0; Win64; x64) AppleWebKit/537.36 (KHTML, like Gecko) Chrome/68.0.3440.106 Safari/537.36"
106.13.58.36 - - [16/Apr/2019:21:00:16 +0800] "POST /caonma.php HTTP/1.1" 404 1121 "-" "Mozilla/5.0 (Windows NT 10.0; Win64; x64) AppleWebKit/537.36 (KHTML, like Gecko) Chrome/68.0.3440.106 Safari/537.36"
106.13.58.36 - - [16/Apr/2019:21:00:17 +0800] "POST /wcp.php HTTP/1.1" 404 1121 "-" "Mozilla/5.0 (Windows NT 10.0; Win64; x64) AppleWebKit/537.36 (KHTML, like Gecko) Chrome/68.0.3440.106 Safari/537.36"
106.13.58.36 - - [16/Apr/2019:21:00:17 +0800] "POST /u.php HTTP/1.1" 404 1121 "-" "Mozilla/5.0 (Windows NT 10.0; Win64; x64) AppleWebKit/537.36 (KHTML, like Gecko) Chrome/68.0.3440.106 Safari/537.36"
106.13.58.36 - - [16/Apr/2019:21:00:17 +0800] "POST /uuu.php HTTP/1.1" 404 1121 "-" "Mozilla/5.0 (Windows NT 10.0; Win64; x64) AppleWebKit/537.36 (KHTML, like Gecko) Chrome/68.0.3440.106 Safari/537.36"
106.13.58.36 - - [16/Apr/2019:21:00:17 +0800] "POST /sss.php HTTP/1.1" 404 1121 "-" "Mozilla/5.0 (Windows NT 10.0; Win64; x64) AppleWebKit/537.36 (KHTML, like Gecko) Chrome/68.0.3440.106 Safari/537.36"
106.13.58.36 - - [16/Apr/2019:21:00:21 +0800] "POST /ss.php HTTP/1.1" 404 1121 "-" "Mozilla/5.0 (Windows NT 10.0; Win64; x64) AppleWebKit/537.36 (KHTML, like Gecko) Chrome/68.0.3440.106 Safari/537.36"
106.13.58.36 - - [16/Apr/2019:21:00:21 +0800] "POST /sss.php HTTP/1.1" 404 1121 "-" "Mozilla/5.0 (Windows NT 10.0; Win64; x64) AppleWebKit/537.36 (KHTML, like Gecko) Chrome/68.0.3440.106 Safari/537.36"
106.13.58.36 - - [16/Apr/2019:21:00:25 +0800] "POST /phpini.php HTTP/1.1" 404 1121 "-" "Mozilla/5.0 (Windows NT 10.0; Win64; x64) AppleWebKit/537.36 (KHTML, like Gecko) Chrome/68.0.3440.106 Safari/537.36"
106.13.58.36 - - [16/Apr/2019:21:00:25 +0800] "POST /1.php HTTP/1.1" 404 1121 "-" "Mozilla/5.0 (Windows NT 10.0; Win64; x64) AppleWebKit/537.36 (KHTML, like Gecko) Chrome/68.0.3440.106 Safari/537.36"
106.13.58.36 - - [16/Apr/2019:21:00:25 +0800] "POST /2.php HTTP/1.1" 404 1121 "-" "Mozilla/5.0 (Windows NT 10.0; Win64; x64) AppleWebKit/537.36 (KHTML, like Gecko) Chrome/68.0.3440.106 Safari/537.36"
106.13.58.36 - - [16/Apr/2019:21:00:25 +0800] "POST /core.php HTTP/1.1" 404 1121 "-" "Mozilla/5.0 (Windows NT 10.0; Win64; x64) AppleWebKit/537.36 (KHTML, like Gecko) Chrome/68.0.3440.106 Safari/537.36"
106.13.58.36 - - [16/Apr/2019:21:00:25 +0800] "POST /qaz.php HTTP/1.1" 404 1121 "-" "Mozilla/5.0 (Windows NT 10.0; Win64; x64) AppleWebKit/537.36 (KHTML, like Gecko) Chrome/68.0.3440.106 Safari/537.36"
106.13.58.36 - - [16/Apr/2019:21:00:25 +0800] "POST /sha.php HTTP/1.1" 404 1121 "-" "Mozilla/5.0 (Windows NT 10.0; Win64; x64) AppleWebKit/537.36 (KHTML, like Gecko) Chrome/68.0.3440.106 Safari/537.36"
106.13.58.36 - - [16/Apr/2019:21:00:26 +0800] "POST /ppx.php HTTP/1.1" 404 1121 "-" "Mozilla/5.0 (Windows NT 10.0; Win64; x64) AppleWebKit/537.36 (KHTML, like Gecko) Chrome/68.0.3440.106 Safari/537.36"
106.13.58.36 - - [16/Apr/2019:21:00:26 +0800] "POST /1.php HTTP/1.1" 404 1121 "-" "Mozilla/5.0 (Windows NT 10.0; Win64; x64) AppleWebKit/537.36 (KHTML, like Gecko) Chrome/68.0.3440.106 Safari/537.36"
106.13.58.36 - - [16/Apr/2019:21:00:26 +0800] "POST /confg.php HTTP/1.1" 404 1121 "-" "Mozilla/5.0 (Windows NT 10.0; Win64; x64) AppleWebKit/537.36 (KHTML, like Gecko) Chrome/68.0.3440.106 Safari/537.36"
106.13.58.36 - - [16/Apr/2019:21:00:26 +0800] "POST /conf1g.php HTTP/1.1" 404 1121 "-" "Mozilla/5.0 (Windows NT 10.0; Win64; x64) AppleWebKit/537.36 (KHTML, like Gecko) Chrome/68.0.3440.106 Safari/537.36"
106.13.58.36 - - [16/Apr/2019:21:00:29 +0800] "POST /confg.php HTTP/1.1" 404 1121 "-" "Mozilla/5.0 (Windows NT 10.0; Win64; x64) AppleWebKit/537.36 (KHTML, like Gecko) Chrome/68.0.3440.106 Safari/537.36"
106.13.58.36 - - [16/Apr/2019:21:00:29 +0800] "POST /confg.php HTTP/1.1" 404 1121 "-" "Mozilla/5.0 (Windows NT 10.0; Win64; x64) AppleWebKit/537.36 (KHTML, like Gecko) Chrome/68.0.3440.106 Safari/537.36"
106.13.58.36 - - [16/Apr/2019:21:00:29 +0800] "POST /confg.php HTTP/1.1" 404 1121 "-" "Mozilla/5.0 (Windows NT 10.0; Win64; x64) AppleWebKit/537.36 (KHTML, like Gecko) Chrome/68.0.3440.106 Safari/537.36"
106.13.58.36 - - [16/Apr/2019:21:00:29 +0800] "POST /ver.php HTTP/1.1" 404 1121 "-" "Mozilla/5.0 (Windows NT 10.0; Win64; x64) AppleWebKit/537.36 (KHTML, like Gecko) Chrome/68.0.3440.106 Safari/537.36"
106.13.58.36 - - [16/Apr/2019:21:00:29 +0800] "POST /hack.php HTTP/1.1" 404 1121 "-" "Mozilla/5.0 (Windows NT 10.0; Win64; x64) AppleWebKit/537.36 (KHTML, like Gecko) Chrome/68.0.3440.106 Safari/537.36"
106.13.58.36 - - [16/Apr/2019:21:00:29 +0800] "POST /qa.php HTTP/1.1" 404 1121 "-" "Mozilla/5.0 (Windows NT 10.0; Win64; x64) AppleWebKit/537.36 (KHTML, like Gecko) Chrome/68.0.3440.106 Safari/537.36"
106.13.58.36 - - [16/Apr/2019:21:00:29 +0800] "POST /Ss.php HTTP/1.1" 404 1121 "-" "Mozilla/5.0 (Windows NT 10.0; Win64; x64) AppleWebKit/537.36 (KHTML, like Gecko) Chrome/68.0.3440.106 Safari/537.36"
106.13.58.36 - - [16/Apr/2019:21:00:30 +0800] "POST /xxx.php HTTP/1.1" 404 1121 "-" "Mozilla/5.0 (Windows NT 10.0; Win64; x64) AppleWebKit/537.36 (KHTML, like Gecko) Chrome/68.0.3440.106 Safari/537.36"
106.13.58.36 - - [16/Apr/2019:21:00:30 +0800] "POST /92.php HTTP/1.1" 404 1121 "-" "Mozilla/5.0 (Windows NT 10.0; Win64; x64) AppleWebKit/537.36 (KHTML, like Gecko) Chrome/68.0.3440.106 Safari/537.36"
106.13.58.36 - - [16/Apr/2019:21:00:30 +0800] "POST /z.php HTTP/1.1" 404 1121 "-" "Mozilla/5.0 (Windows NT 10.0; Win64; x64) AppleWebKit/537.36 (KHTML, like Gecko) Chrome/68.0.3440.106 Safari/537.36"
106.13.58.36 - - [16/Apr/2019:21:00:33 +0800] "POST /dexgp.php HTTP/1.1" 404 1121 "-" "Mozilla/5.0 (Windows NT 10.0; Win64; x64) AppleWebKit/537.36 (KHTML, like Gecko) Chrome/68.0.3440.106 Safari/537.36"
106.13.58.36 - - [16/Apr/2019:21:00:33 +0800] "POST /nuoxi.php HTTP/1.1" 404 1121 "-" "Mozilla/5.0 (Windows NT 10.0; Win64; x64) AppleWebKit/537.36 (KHTML, like Gecko) Chrome/68.0.3440.106 Safari/537.36"
106.13.58.36 - - [16/Apr/2019:21:00:33 +0800] "POST /godkey.php HTTP/1.1" 404 1121 "-" "Mozilla/5.0 (Windows NT 10.0; Win64; x64) AppleWebKit/537.36 (KHTML, like Gecko) Chrome/68.0.3440.106 Safari/537.36"
106.13.58.36 - - [16/Apr/2019:21:00:33 +0800] "POST /okokok.php HTTP/1.1" 404 1121 "-" "Mozilla/5.0 (Windows NT 10.0; Win64; x64) AppleWebKit/537.36 (KHTML, like Gecko) Chrome/68.0.3440.106 Safari/537.36"
106.13.58.36 - - [16/Apr/2019:21:00:33 +0800] "POST /erwa.php HTTP/1.1" 404 1121 "-" "Mozilla/5.0 (Windows NT 10.0; Win64; x64) AppleWebKit/537.36 (KHTML, like Gecko) Chrome/68.0.3440.106 Safari/537.36"
106.13.58.36 - - [16/Apr/2019:21:00:33 +0800] "POST /pma.php HTTP/1.1" 404 1121 "-" "Mozilla/5.0 (Windows NT 10.0; Win64; x64) AppleWebKit/537.36 (KHTML, like Gecko) Chrome/68.0.3440.106 Safari/537.36"
106.13.58.36 - - [16/Apr/2019:21:00:34 +0800] "POST /ruyi.php HTTP/1.1" 404 1121 "-" "Mozilla/5.0 (Windows NT 10.0; Win64; x64) AppleWebKit/537.36 (KHTML, like Gecko) Chrome/68.0.3440.106 Safari/537.36"
106.13.58.36 - - [16/Apr/2019:21:00:34 +0800] "POST /51314.php HTTP/1.1" 404 1121 "-" "Mozilla/5.0 (Windows NT 10.0; Win64; x64) AppleWebKit/537.36 (KHTML, like Gecko) Chrome/68.0.3440.106 Safari/537.36"
106.13.58.36 - - [16/Apr/2019:21:00:34 +0800] "POST /5201314.php HTTP/1.1" 404 1121 "-" "Mozilla/5.0 (Windows NT 10.0; Win64; x64) AppleWebKit/537.36 (KHTML, like Gecko) Chrome/68.0.3440.106 Safari/537.36"
106.13.58.36 - - [16/Apr/2019:21:00:34 +0800] "POST /fusheng.php HTTP/1.1" 404 1121 "-" "Mozilla/5.0 (Windows NT 10.0; Win64; x64) AppleWebKit/537.36 (KHTML, like Gecko) Chrome/68.0.3440.106 Safari/537.36"
106.13.58.36 - - [16/Apr/2019:21:00:37 +0800] "POST /general.php HTTP/1.1" 404 1121 "-" "Mozilla/5.0 (Windows NT 10.0; Win64; x64) AppleWebKit/537.36 (KHTML, like Gecko) Chrome/68.0.3440.106 Safari/537.36"
106.13.58.36 - - [16/Apr/2019:21:00:37 +0800] "POST /repeat.php HTTP/1.1" 404 1121 "-" "Mozilla/5.0 (Windows NT 10.0; Win64; x64) AppleWebKit/537.36 (KHTML, like Gecko) Chrome/68.0.3440.106 Safari/537.36"
106.13.58.36 - - [16/Apr/2019:21:00:37 +0800] "POST /ldw.php HTTP/1.1" 404 1121 "-" "Mozilla/5.0 (Windows NT 10.0; Win64; x64) AppleWebKit/537.36 (KHTML, like Gecko) Chrome/68.0.3440.106 Safari/537.36"
106.13.58.36 - - [16/Apr/2019:21:00:37 +0800] "POST /api.php HTTP/1.1" 404 1121 "-" "Mozilla/5.0 (Windows NT 10.0; Win64; x64) AppleWebKit/537.36 (KHTML, like Gecko) Chrome/68.0.3440.106 Safari/537.36"
106.13.58.36 - - [16/Apr/2019:21:00:37 +0800] "POST /s1.php HTTP/1.1" 404 1121 "-" "Mozilla/5.0 (Windows NT 10.0; Win64; x64) AppleWebKit/537.36 (KHTML, like Gecko) Chrome/68.0.3440.106 Safari/537.36"
106.13.58.36 - - [16/Apr/2019:21:00:37 +0800] "POST /xiaodai.php HTTP/1.1" 404 1121 "-" "Mozilla/5.0 (Windows NT 10.0; Win64; x64) AppleWebKit/537.36 (KHTML, like Gecko) Chrome/68.0.3440.106 Safari/537.36"
106.13.58.36 - - [16/Apr/2019:21:00:37 +0800] "POST /hello.php HTTP/1.1" 404 1121 "-" "Mozilla/5.0 (Windows NT 10.0; Win64; x64) AppleWebKit/537.36 (KHTML, like Gecko) Chrome/68.0.3440.106 Safari/537.36"
106.13.58.36 - - [16/Apr/2019:21:00:38 +0800] "POST /hello.php HTTP/1.1" 404 1121 "-" "Mozilla/5.0 (Windows NT 10.0; Win64; x64) AppleWebKit/537.36 (KHTML, like Gecko) Chrome/68.0.3440.106 Safari/537.36"
106.13.58.36 - - [16/Apr/2019:21:00:38 +0800] "POST /admn.php HTTP/1.1" 404 1121 "-" "Mozilla/5.0 (Windows NT 10.0; Win64; x64) AppleWebKit/537.36 (KHTML, like Gecko) Chrome/68.0.3440.106 Safari/537.36"
106.13.58.36 - - [16/Apr/2019:21:00:38 +0800] "POST /hell.php HTTP/1.1" 404 1121 "-" "Mozilla/5.0 (Windows NT 10.0; Win64; x64) AppleWebKit/537.36 (KHTML, like Gecko) Chrome/68.0.3440.106 Safari/537.36"
112.17.247.93 - - [16/Apr/2019:21:00:40 +0800] "GET /doctor/logout HTTP/1.1" 301 0 "http://119.29.225.142/doctor/index/?doctorId=YS19032700" "Mozilla/5.0 (Windows NT 10.0; Win64; x64) AppleWebKit/537.36 (KHTML, like Gecko) Chrome/64.0.3282.140 Safari/537.36 Edge/17.17134"
112.17.247.93 - - [16/Apr/2019:21:00:40 +0800] "GET /doctor/logout/ HTTP/1.1" 200 5618 "http://119.29.225.142/doctor/index/?doctorId=YS19032700" "Mozilla/5.0 (Windows NT 10.0; Win64; x64) AppleWebKit/537.36 (KHTML, like Gecko) Chrome/64.0.3282.140 Safari/537.36 Edge/17.17134"
106.13.58.36 - - [16/Apr/2019:21:00:41 +0800] "POST /1.php HTTP/1.1" 404 1121 "-" "Mozilla/5.0 (Windows NT 10.0; Win64; x64) AppleWebKit/537.36 (KHTML, like Gecko) Chrome/68.0.3440.106 Safari/537.36"
106.13.58.36 - - [16/Apr/2019:21:00:41 +0800] "POST /2.php HTTP/1.1" 404 1121 "-" "Mozilla/5.0 (Windows NT 10.0; Win64; x64) AppleWebKit/537.36 (KHTML, like Gecko) Chrome/68.0.3440.106 Safari/537.36"
106.13.58.36 - - [16/Apr/2019:21:00:41 +0800] "POST /p.php HTTP/1.1" 404 1121 "-" "Mozilla/5.0 (Windows NT 10.0; Win64; x64) AppleWebKit/537.36 (KHTML, like Gecko) Chrome/68.0.3440.106 Safari/537.36"
106.13.58.36 - - [16/Apr/2019:21:00:41 +0800] "POST /1.php HTTP/1.1" 404 1121 "-" "Mozilla/5.0 (Windows NT 10.0; Win64; x64) AppleWebKit/537.36 (KHTML, like Gecko) Chrome/68.0.3440.106 Safari/537.36"
106.13.58.36 - - [16/Apr/2019:21:00:41 +0800] "POST /a.php HTTP/1.1" 404 1121 "-" "Mozilla/5.0 (Windows NT 10.0; Win64; x64) AppleWebKit/537.36 (KHTML, like Gecko) Chrome/68.0.3440.106 Safari/537.36"
106.13.58.36 - - [16/Apr/2019:21:00:41 +0800] "POST /m.php HTTP/1.1" 404 1121 "-" "Mozilla/5.0 (Windows NT 10.0; Win64; x64) AppleWebKit/537.36 (KHTML, like Gecko) Chrome/68.0.3440.106 Safari/537.36"
106.13.58.36 - - [16/Apr/2019:21:00:42 +0800] "POST /conf.php HTTP/1.1" 404 1121 "-" "Mozilla/5.0 (Windows NT 10.0; Win64; x64) AppleWebKit/537.36 (KHTML, like Gecko) Chrome/68.0.3440.106 Safari/537.36"
106.13.58.36 - - [16/Apr/2019:21:00:42 +0800] "POST /123.php HTTP/1.1" 404 1121 "-" "Mozilla/5.0 (Windows NT 10.0; Win64; x64) AppleWebKit/537.36 (KHTML, like Gecko) Chrome/68.0.3440.106 Safari/537.36"
106.13.58.36 - - [16/Apr/2019:21:00:42 +0800] "POST /HX.php HTTP/1.1" 404 1121 "-" "Mozilla/5.0 (Windows NT 10.0; Win64; x64) AppleWebKit/537.36 (KHTML, like Gecko) Chrome/68.0.3440.106 Safari/537.36"
106.13.58.36 - - [16/Apr/2019:21:00:42 +0800] "POST /diy.php HTTP/1.1" 404 1121 "-" "Mozilla/5.0 (Windows NT 10.0; Win64; x64) AppleWebKit/537.36 (KHTML, like Gecko) Chrome/68.0.3440.106 Safari/537.36"
106.13.58.36 - - [16/Apr/2019:21:00:42 +0800] "POST /666.php HTTP/1.1" 404 1121 "-" "Mozilla/5.0 (Windows NT 10.0; Win64; x64) AppleWebKit/537.36 (KHTML, like Gecko) Chrome/68.0.3440.106 Safari/537.36"
106.13.58.36 - - [16/Apr/2019:21:00:42 +0800] "POST /777.php HTTP/1.1" 404 1121 "-" "Mozilla/5.0 (Windows NT 10.0; Win64; x64) AppleWebKit/537.36 (KHTML, like Gecko) Chrome/68.0.3440.106 Safari/537.36"
112.17.247.93 - - [16/Apr/2019:21:00:42 +0800] "GET /doctor/logout/ HTTP/1.1" 200 5618 "http://119.29.225.142/doctor/index/?doctorId=YS19032700" "Mozilla/5.0 (Windows NT 10.0; Win64; x64) AppleWebKit/537.36 (KHTML, like Gecko) Chrome/64.0.3282.140 Safari/537.36 Edge/17.17134"
106.13.58.36 - - [16/Apr/2019:21:00:42 +0800] "POST /qwq.php HTTP/1.1" 404 1121 "-" "Mozilla/5.0 (Windows NT 10.0; Win64; x64) AppleWebKit/537.36 (KHTML, like Gecko) Chrome/68.0.3440.106 Safari/537.36"
112.17.247.93 - - [16/Apr/2019:21:00:42 +0800] "GET /static/users/css/layui.css HTTP/1.1" 304 0 "http://119.29.225.142/doctor/logout/" "Mozilla/5.0 (Windows NT 10.0; Win64; x64) AppleWebKit/537.36 (KHTML, like Gecko) Chrome/64.0.3282.140 Safari/537.36 Edge/17.17134"
112.17.247.93 - - [16/Apr/2019:21:00:42 +0800] "GET /static/users/css/admin.css HTTP/1.1" 304 0 "http://119.29.225.142/doctor/logout/" "Mozilla/5.0 (Windows NT 10.0; Win64; x64) AppleWebKit/537.36 (KHTML, like Gecko) Chrome/64.0.3282.140 Safari/537.36 Edge/17.17134"
112.17.247.93 - - [16/Apr/2019:21:00:42 +0800] "GET /static/users/js/layui.js HTTP/1.1" 304 0 "http://119.29.225.142/doctor/logout/" "Mozilla/5.0 (Windows NT 10.0; Win64; x64) AppleWebKit/537.36 (KHTML, like Gecko) Chrome/64.0.3282.140 Safari/537.36 Edge/17.17134"
112.17.247.93 - - [16/Apr/2019:21:00:42 +0800] "GET /static/images/background1.jpg HTTP/1.1" 304 0 "http://119.29.225.142/doctor/logout/" "Mozilla/5.0 (Windows NT 10.0; Win64; x64) AppleWebKit/537.36 (KHTML, like Gecko) Chrome/64.0.3282.140 Safari/537.36 Edge/17.17134"
106.13.58.36 - - [16/Apr/2019:21:00:42 +0800] "POST /qwqw.php HTTP/1.1" 404 1121 "-" "Mozilla/5.0 (Windows NT 10.0; Win64; x64) AppleWebKit/537.36 (KHTML, like Gecko) Chrome/68.0.3440.106 Safari/537.36"
112.17.247.93 - - [16/Apr/2019:21:00:42 +0800] "GET /static/users/js/lay/modules/layer.js HTTP/1.1" 304 0 "http://119.29.225.142/doctor/logout/" "Mozilla/5.0 (Windows NT 10.0; Win64; x64) AppleWebKit/537.36 (KHTML, like Gecko) Chrome/64.0.3282.140 Safari/537.36 Edge/17.17134"
106.13.58.36 - - [16/Apr/2019:21:00:43 +0800] "POST /.php HTTP/1.1" 404 1121 "-" "Mozilla/5.0 (Windows NT 10.0; Win64; x64) AppleWebKit/537.36 (KHTML, like Gecko) Chrome/68.0.3440.106 Safari/537.36"
112.17.247.93 - - [16/Apr/2019:21:00:43 +0800] "GET /static/users/js/lay/modules/jquery.js HTTP/1.1" 304 0 "http://119.29.225.142/doctor/logout/" "Mozilla/5.0 (Windows NT 10.0; Win64; x64) AppleWebKit/537.36 (KHTML, like Gecko) Chrome/64.0.3282.140 Safari/537.36 Edge/17.17134"
112.17.247.93 - - [16/Apr/2019:21:00:43 +0800] "GET /static/users/js/css/modules/layer/default/layer.css?v=3.1.1 HTTP/1.1" 304 0 "http://119.29.225.142/doctor/logout/" "Mozilla/5.0 (Windows NT 10.0; Win64; x64) AppleWebKit/537.36 (KHTML, like Gecko) Chrome/64.0.3282.140 Safari/537.36 Edge/17.17134"
112.17.247.93 - - [16/Apr/2019:21:00:43 +0800] "GET /static/users/js/lay/modules/form.js HTTP/1.1" 304 0 "http://119.29.225.142/doctor/logout/" "Mozilla/5.0 (Windows NT 10.0; Win64; x64) AppleWebKit/537.36 (KHTML, like Gecko) Chrome/64.0.3282.140 Safari/537.36 Edge/17.17134"
106.13.58.36 - - [16/Apr/2019:21:00:43 +0800] "POST /infos.php HTTP/1.1" 404 1121 "-" "Mozilla/5.0 (Windows NT 10.0; Win64; x64) AppleWebKit/537.36 (KHTML, like Gecko) Chrome/68.0.3440.106 Safari/537.36"
106.13.58.36 - - [16/Apr/2019:21:00:43 +0800] "POST /x.php HTTP/1.1" 404 1121 "-" "Mozilla/5.0 (Windows NT 10.0; Win64; x64) AppleWebKit/537.36 (KHTML, like Gecko) Chrome/68.0.3440.106 Safari/537.36"
106.13.58.36 - - [16/Apr/2019:21:00:43 +0800] "POST /lucky.php HTTP/1.1" 404 1121 "-" "Mozilla/5.0 (Windows NT 10.0; Win64; x64) AppleWebKit/537.36 (KHTML, like Gecko) Chrome/68.0.3440.106 Safari/537.36"
106.13.58.36 - - [16/Apr/2019:21:00:45 +0800] "POST /zzk.php HTTP/1.1" 404 1121 "-" "Mozilla/5.0 (Windows NT 10.0; Win64; x64) AppleWebKit/537.36 (KHTML, like Gecko) Chrome/68.0.3440.106 Safari/537.36"
106.13.58.36 - - [16/Apr/2019:21:00:45 +0800] "POST /toor.php HTTP/1.1" 404 1121 "-" "Mozilla/5.0 (Windows NT 10.0; Win64; x64) AppleWebKit/537.36 (KHTML, like Gecko) Chrome/68.0.3440.106 Safari/537.36"
106.13.58.36 - - [16/Apr/2019:21:00:45 +0800] "POST /uu.php HTTP/1.1" 404 1121 "-" "Mozilla/5.0 (Windows NT 10.0; Win64; x64) AppleWebKit/537.36 (KHTML, like Gecko) Chrome/68.0.3440.106 Safari/537.36"
106.13.58.36 - - [16/Apr/2019:21:00:45 +0800] "POST /a.php HTTP/1.1" 404 1121 "-" "Mozilla/5.0 (Windows NT 10.0; Win64; x64) AppleWebKit/537.36 (KHTML, like Gecko) Chrome/68.0.3440.106 Safari/537.36"
106.13.58.36 - - [16/Apr/2019:21:00:45 +0800] "POST /aa.php HTTP/1.1" 404 1121 "-" "Mozilla/5.0 (Windows NT 10.0; Win64; x64) AppleWebKit/537.36 (KHTML, like Gecko) Chrome/68.0.3440.106 Safari/537.36"
106.13.58.36 - - [16/Apr/2019:21:00:45 +0800] "POST /aaa.php HTTP/1.1" 404 1121 "-" "Mozilla/5.0 (Windows NT 10.0; Win64; x64) AppleWebKit/537.36 (KHTML, like Gecko) Chrome/68.0.3440.106 Safari/537.36"
106.13.58.36 - - [16/Apr/2019:21:00:46 +0800] "POST /wb.php HTTP/1.1" 404 1121 "-" "Mozilla/5.0 (Windows NT 10.0; Win64; x64) AppleWebKit/537.36 (KHTML, like Gecko) Chrome/68.0.3440.106 Safari/537.36"
106.13.58.36 - - [16/Apr/2019:21:00:46 +0800] "POST /yj.php HTTP/1.1" 404 1121 "-" "Mozilla/5.0 (Windows NT 10.0; Win64; x64) AppleWebKit/537.36 (KHTML, like Gecko) Chrome/68.0.3440.106 Safari/537.36"
106.13.58.36 - - [16/Apr/2019:21:00:46 +0800] "POST /z.php HTTP/1.1" 404 1121 "-" "Mozilla/5.0 (Windows NT 10.0; Win64; x64) AppleWebKit/537.36 (KHTML, like Gecko) Chrome/68.0.3440.106 Safari/537.36"
106.13.58.36 - - [16/Apr/2019:21:00:46 +0800] "POST /7.php HTTP/1.1" 404 1121 "-" "Mozilla/5.0 (Windows NT 10.0; Win64; x64) AppleWebKit/537.36 (KHTML, like Gecko) Chrome/68.0.3440.106 Safari/537.36"
106.13.58.36 - - [16/Apr/2019:21:00:46 +0800] "POST /xiaoma.php HTTP/1.1" 404 1121 "-" "Mozilla/5.0 (Windows NT 10.0; Win64; x64) AppleWebKit/537.36 (KHTML, like Gecko) Chrome/68.0.3440.106 Safari/537.36"
106.13.58.36 - - [16/Apr/2019:21:00:46 +0800] "POST /xiaomae.php HTTP/1.1" 404 1121 "-" "Mozilla/5.0 (Windows NT 10.0; Win64; x64) AppleWebKit/537.36 (KHTML, like Gecko) Chrome/68.0.3440.106 Safari/537.36"
106.13.58.36 - - [16/Apr/2019:21:00:46 +0800] "POST /xiaomar.php HTTP/1.1" 404 1121 "-" "Mozilla/5.0 (Windows NT 10.0; Win64; x64) AppleWebKit/537.36 (KHTML, like Gecko) Chrome/68.0.3440.106 Safari/537.36"
106.13.58.36 - - [16/Apr/2019:21:00:46 +0800] "POST /qq.php HTTP/1.1" 404 1121 "-" "Mozilla/5.0 (Windows NT 10.0; Win64; x64) AppleWebKit/537.36 (KHTML, like Gecko) Chrome/68.0.3440.106 Safari/537.36"
106.13.58.36 - - [16/Apr/2019:21:00:47 +0800] "POST /data.php HTTP/1.1" 404 1121 "-" "Mozilla/5.0 (Windows NT 10.0; Win64; x64) AppleWebKit/537.36 (KHTML, like Gecko) Chrome/68.0.3440.106 Safari/537.36"
106.13.58.36 - - [16/Apr/2019:21:00:47 +0800] "POST /log.php HTTP/1.1" 404 1121 "-" "Mozilla/5.0 (Windows NT 10.0; Win64; x64) AppleWebKit/537.36 (KHTML, like Gecko) Chrome/68.0.3440.106 Safari/537.36"
106.13.58.36 - - [16/Apr/2019:21:00:47 +0800] "POST /fack.php HTTP/1.1" 404 1121 "-" "Mozilla/5.0 (Windows NT 10.0; Win64; x64) AppleWebKit/537.36 (KHTML, like Gecko) Chrome/68.0.3440.106 Safari/537.36"
106.13.58.36 - - [16/Apr/2019:21:00:47 +0800] "POST /angge.php HTTP/1.1" 404 1121 "-" "Mozilla/5.0 (Windows NT 10.0; Win64; x64) AppleWebKit/537.36 (KHTML, like Gecko) Chrome/68.0.3440.106 Safari/537.36"
106.13.58.36 - - [16/Apr/2019:21:00:47 +0800] "POST /cxfm666.php HTTP/1.1" 404 1121 "-" "Mozilla/5.0 (Windows NT 10.0; Win64; x64) AppleWebKit/537.36 (KHTML, like Gecko) Chrome/68.0.3440.106 Safari/537.36"
106.13.58.36 - - [16/Apr/2019:21:00:47 +0800] "POST /db.php HTTP/1.1" 404 1121 "-" "Mozilla/5.0 (Windows NT 10.0; Win64; x64) AppleWebKit/537.36 (KHTML, like Gecko) Chrome/68.0.3440.106 Safari/537.36"
112.17.247.93 - - [16/Apr/2019:21:00:47 +0800] "GET / HTTP/1.1" 200 12678 "-" "Mozilla/5.0 (Windows NT 10.0; Win64; x64) AppleWebKit/537.36 (KHTML, like Gecko) Chrome/64.0.3282.140 Safari/537.36 Edge/17.17134"
106.13.58.36 - - [16/Apr/2019:21:00:47 +0800] "POST /hacly.php HTTP/1.1" 404 1121 "-" "Mozilla/5.0 (Windows NT 10.0; Win64; x64) AppleWebKit/537.36 (KHTML, like Gecko) Chrome/68.0.3440.106 Safari/537.36"
112.17.247.93 - - [16/Apr/2019:21:00:47 +0800] "GET /views/console HTTP/1.1" 301 0 "http://119.29.225.142/" "Mozilla/5.0 (Windows NT 10.0; Win64; x64) AppleWebKit/537.36 (KHTML, like Gecko) Chrome/64.0.3282.140 Safari/537.36 Edge/17.17134"
106.13.58.36 - - [16/Apr/2019:21:00:47 +0800] "POST /xiaomo.php HTTP/1.1" 404 1121 "-" "Mozilla/5.0 (Windows NT 10.0; Win64; x64) AppleWebKit/537.36 (KHTML, like Gecko) Chrome/68.0.3440.106 Safari/537.36"
106.13.58.36 - - [16/Apr/2019:21:00:48 +0800] "POST /xiaoyu.php HTTP/1.1" 404 1121 "-" "Mozilla/5.0 (Windows NT 10.0; Win64; x64) AppleWebKit/537.36 (KHTML, like Gecko) Chrome/68.0.3440.106 Safari/537.36"
106.13.58.36 - - [16/Apr/2019:21:00:48 +0800] "POST /xiaohei.php HTTP/1.1" 404 1121 "-" "Mozilla/5.0 (Windows NT 10.0; Win64; x64) AppleWebKit/537.36 (KHTML, like Gecko) Chrome/68.0.3440.106 Safari/537.36"
106.13.58.36 - - [16/Apr/2019:21:00:48 +0800] "POST /j.php HTTP/1.1" 404 1121 "-" "Mozilla/5.0 (Windows NT 10.0; Win64; x64) AppleWebKit/537.36 (KHTML, like Gecko) Chrome/68.0.3440.106 Safari/537.36"
112.17.247.93 - - [16/Apr/2019:21:00:48 +0800] "GET /views/console/ HTTP/1.1" 200 13204 "http://119.29.225.142/" "Mozilla/5.0 (Windows NT 10.0; Win64; x64) AppleWebKit/537.36 (KHTML, like Gecko) Chrome/64.0.3282.140 Safari/537.36 Edge/17.17134"
106.13.58.36 - - [16/Apr/2019:21:00:48 +0800] "POST /qq5262.php HTTP/1.1" 404 1121 "-" "Mozilla/5.0 (Windows NT 10.0; Win64; x64) AppleWebKit/537.36 (KHTML, like Gecko) Chrome/68.0.3440.106 Safari/537.36"
106.13.58.36 - - [16/Apr/2019:21:00:49 +0800] "POST /lost.php HTTP/1.1" 404 1121 "-" "Mozilla/5.0 (Windows NT 10.0; Win64; x64) AppleWebKit/537.36 (KHTML, like Gecko) Chrome/68.0.3440.106 Safari/537.36"
106.13.58.36 - - [16/Apr/2019:21:00:49 +0800] "POST /php.php HTTP/1.1" 404 1121 "-" "Mozilla/5.0 (Windows NT 10.0; Win64; x64) AppleWebKit/537.36 (KHTML, like Gecko) Chrome/68.0.3440.106 Safari/537.36"
106.13.58.36 - - [16/Apr/2019:21:00:49 +0800] "POST /win.php HTTP/1.1" 404 1121 "-" "Mozilla/5.0 (Windows NT 10.0; Win64; x64) AppleWebKit/537.36 (KHTML, like Gecko) Chrome/68.0.3440.106 Safari/537.36"
106.13.58.36 - - [16/Apr/2019:21:00:49 +0800] "POST /win1.php HTTP/1.1" 404 1121 "-" "Mozilla/5.0 (Windows NT 10.0; Win64; x64) AppleWebKit/537.36 (KHTML, like Gecko) Chrome/68.0.3440.106 Safari/537.36"
106.13.58.36 - - [16/Apr/2019:21:00:49 +0800] "POST /linux.php HTTP/1.1" 404 1121 "-" "Mozilla/5.0 (Windows NT 10.0; Win64; x64) AppleWebKit/537.36 (KHTML, like Gecko) Chrome/68.0.3440.106 Safari/537.36"
106.13.58.36 - - [16/Apr/2019:21:00:49 +0800] "POST /linux1.php HTTP/1.1" 404 1121 "-" "Mozilla/5.0 (Windows NT 10.0; Win64; x64) AppleWebKit/537.36 (KHTML, like Gecko) Chrome/68.0.3440.106 Safari/537.36"
106.13.58.36 - - [16/Apr/2019:21:00:49 +0800] "POST /cc.php HTTP/1.1" 404 1121 "-" "Mozilla/5.0 (Windows NT 10.0; Win64; x64) AppleWebKit/537.36 (KHTML, like Gecko) Chrome/68.0.3440.106 Safari/537.36"
106.13.58.36 - - [16/Apr/2019:21:00:50 +0800] "POST /CC.php HTTP/1.1" 404 1121 "-" "Mozilla/5.0 (Windows NT 10.0; Win64; x64) AppleWebKit/537.36 (KHTML, like Gecko) Chrome/68.0.3440.106 Safari/537.36"
106.13.58.36 - - [16/Apr/2019:21:00:50 +0800] "POST /x.php HTTP/1.1" 404 1121 "-" "Mozilla/5.0 (Windows NT 10.0; Win64; x64) AppleWebKit/537.36 (KHTML, like Gecko) Chrome/68.0.3440.106 Safari/537.36"
106.13.58.36 - - [16/Apr/2019:21:00:50 +0800] "POST /lanke.php HTTP/1.1" 404 1121 "-" "Mozilla/5.0 (Windows NT 10.0; Win64; x64) AppleWebKit/537.36 (KHTML, like Gecko) Chrome/68.0.3440.106 Safari/537.36"
106.13.58.36 - - [16/Apr/2019:21:00:50 +0800] "POST /neko.php HTTP/1.1" 404 1121 "-" "Mozilla/5.0 (Windows NT 10.0; Win64; x64) AppleWebKit/537.36 (KHTML, like Gecko) Chrome/68.0.3440.106 Safari/537.36"
106.13.58.36 - - [16/Apr/2019:21:00:50 +0800] "POST /super.php HTTP/1.1" 404 1121 "-" "Mozilla/5.0 (Windows NT 10.0; Win64; x64) AppleWebKit/537.36 (KHTML, like Gecko) Chrome/68.0.3440.106 Safari/537.36"
106.13.58.36 - - [16/Apr/2019:21:00:50 +0800] "POST /cere.php HTTP/1.1" 404 1121 "-" "Mozilla/5.0 (Windows NT 10.0; Win64; x64) AppleWebKit/537.36 (KHTML, like Gecko) Chrome/68.0.3440.106 Safari/537.36"
112.17.247.93 - - [16/Apr/2019:21:00:50 +0800] "GET /views/distinguish HTTP/1.1" 301 0 "http://119.29.225.142/" "Mozilla/5.0 (Windows NT 10.0; Win64; x64) AppleWebKit/537.36 (KHTML, like Gecko) Chrome/64.0.3282.140 Safari/537.36 Edge/17.17134"
106.13.58.36 - - [16/Apr/2019:21:00:50 +0800] "POST /aaa.php HTTP/1.1" 404 1121 "-" "Mozilla/5.0 (Windows NT 10.0; Win64; x64) AppleWebKit/537.36 (KHTML, like Gecko) Chrome/68.0.3440.106 Safari/537.36"
112.17.247.93 - - [16/Apr/2019:21:00:50 +0800] "GET /views/distinguish/ HTTP/1.1" 200 4075 "http://119.29.225.142/" "Mozilla/5.0 (Windows NT 10.0; Win64; x64) AppleWebKit/537.36 (KHTML, like Gecko) Chrome/64.0.3282.140 Safari/537.36 Edge/17.17134"
106.13.58.36 - - [16/Apr/2019:21:00:51 +0800] "POST /Administrator.php HTTP/1.1" 404 1121 "-" "Mozilla/5.0 (Windows NT 10.0; Win64; x64) AppleWebKit/537.36 (KHTML, like Gecko) Chrome/68.0.3440.106 Safari/537.36"
106.13.58.36 - - [16/Apr/2019:21:00:51 +0800] "POST /liangchen.php HTTP/1.1" 404 1121 "-" "Mozilla/5.0 (Windows NT 10.0; Win64; x64) AppleWebKit/537.36 (KHTML, like Gecko) Chrome/68.0.3440.106 Safari/537.36"
106.13.58.36 - - [16/Apr/2019:21:00:51 +0800] "POST /lucky.php HTTP/1.1" 404 1121 "-" "Mozilla/5.0 (Windows NT 10.0; Win64; x64) AppleWebKit/537.36 (KHTML, like Gecko) Chrome/68.0.3440.106 Safari/537.36"
106.13.58.36 - - [16/Apr/2019:21:00:51 +0800] "POST /meng.php HTTP/1.1" 404 1121 "-" "Mozilla/5.0 (Windows NT 10.0; Win64; x64) AppleWebKit/537.36 (KHTML, like Gecko) Chrome/68.0.3440.106 Safari/537.36"
106.13.58.36 - - [16/Apr/2019:21:00:51 +0800] "POST /no.php HTTP/1.1" 404 1121 "-" "Mozilla/5.0 (Windows NT 10.0; Win64; x64) AppleWebKit/537.36 (KHTML, like Gecko) Chrome/68.0.3440.106 Safari/537.36"
106.13.58.36 - - [16/Apr/2019:21:00:51 +0800] "POST /mysql.php HTTP/1.1" 404 1121 "-" "Mozilla/5.0 (Windows NT 10.0; Win64; x64) AppleWebKit/537.36 (KHTML, like Gecko) Chrome/68.0.3440.106 Safari/537.36"
106.13.58.36 - - [16/Apr/2019:21:00:51 +0800] "POST /Updata.php HTTP/1.1" 404 1121 "-" "Mozilla/5.0 (Windows NT 10.0; Win64; x64) AppleWebKit/537.36 (KHTML, like Gecko) Chrome/68.0.3440.106 Safari/537.36"
106.13.58.36 - - [16/Apr/2019:21:00:51 +0800] "POST /xxxx.php HTTP/1.1" 404 1121 "-" "Mozilla/5.0 (Windows NT 10.0; Win64; x64) AppleWebKit/537.36 (KHTML, like Gecko) Chrome/68.0.3440.106 Safari/537.36"
106.13.58.36 - - [16/Apr/2019:21:00:52 +0800] "POST /guai.php HTTP/1.1" 404 1121 "-" "Mozilla/5.0 (Windows NT 10.0; Win64; x64) AppleWebKit/537.36 (KHTML, like Gecko) Chrome/68.0.3440.106 Safari/537.36"
106.13.58.36 - - [16/Apr/2019:21:00:52 +0800] "POST /ljb.php HTTP/1.1" 404 1121 "-" "Mozilla/5.0 (Windows NT 10.0; Win64; x64) AppleWebKit/537.36 (KHTML, like Gecko) Chrome/68.0.3440.106 Safari/537.36"
112.17.247.93 - - [16/Apr/2019:21:00:52 +0800] "GET /views/entityQuery HTTP/1.1" 301 0 "http://119.29.225.142/" "Mozilla/5.0 (Windows NT 10.0; Win64; x64) AppleWebKit/537.36 (KHTML, like Gecko) Chrome/64.0.3282.140 Safari/537.36 Edge/17.17134"
106.13.58.36 - - [16/Apr/2019:21:00:52 +0800] "POST /www.php HTTP/1.1" 404 1121 "-" "Mozilla/5.0 (Windows NT 10.0; Win64; x64) AppleWebKit/537.36 (KHTML, like Gecko) Chrome/68.0.3440.106 Safari/537.36"
106.13.58.36 - - [16/Apr/2019:21:00:52 +0800] "POST /1.php HTTP/1.1" 404 1121 "-" "Mozilla/5.0 (Windows NT 10.0; Win64; x64) AppleWebKit/537.36 (KHTML, like Gecko) Chrome/68.0.3440.106 Safari/537.36"
106.13.58.36 - - [16/Apr/2019:21:00:52 +0800] "POST /chaoda.php HTTP/1.1" 404 1121 "-" "Mozilla/5.0 (Windows NT 10.0; Win64; x64) AppleWebKit/537.36 (KHTML, like Gecko) Chrome/68.0.3440.106 Safari/537.36"
106.13.58.36 - - [16/Apr/2019:21:00:52 +0800] "POST /qq.php HTTP/1.1" 404 1121 "-" "Mozilla/5.0 (Windows NT 10.0; Win64; x64) AppleWebKit/537.36 (KHTML, like Gecko) Chrome/68.0.3440.106 Safari/537.36"
106.13.58.36 - - [16/Apr/2019:21:00:52 +0800] "POST /vuln.php HTTP/1.1" 404 1121 "-" "Mozilla/5.0 (Windows NT 10.0; Win64; x64) AppleWebKit/537.36 (KHTML, like Gecko) Chrome/68.0.3440.106 Safari/537.36"
106.13.58.36 - - [16/Apr/2019:21:00:52 +0800] "POST /vuln1.php HTTP/1.1" 404 1121 "-" "Mozilla/5.0 (Windows NT 10.0; Win64; x64) AppleWebKit/537.36 (KHTML, like Gecko) Chrome/68.0.3440.106 Safari/537.36"
112.17.247.93 - - [16/Apr/2019:21:00:53 +0800] "GET /views/entityQuery/ HTTP/1.1" 200 10695 "http://119.29.225.142/" "Mozilla/5.0 (Windows NT 10.0; Win64; x64) AppleWebKit/537.36 (KHTML, like Gecko) Chrome/64.0.3282.140 Safari/537.36 Edge/17.17134"
112.17.247.93 - - [16/Apr/2019:21:00:53 +0800] "GET /views/consoles HTTP/1.1" 301 0 "http://119.29.225.142/" "Mozilla/5.0 (Windows NT 10.0; Win64; x64) AppleWebKit/537.36 (KHTML, like Gecko) Chrome/64.0.3282.140 Safari/537.36 Edge/17.17134"
106.13.58.36 - - [16/Apr/2019:21:00:53 +0800] "POST /orange.php HTTP/1.1" 404 1121 "-" "Mozilla/5.0 (Windows NT 10.0; Win64; x64) AppleWebKit/537.36 (KHTML, like Gecko) Chrome/68.0.3440.106 Safari/537.36"
106.13.58.36 - - [16/Apr/2019:21:00:53 +0800] "POST /erba.php HTTP/1.1" 404 1121 "-" "Mozilla/5.0 (Windows NT 10.0; Win64; x64) AppleWebKit/537.36 (KHTML, like Gecko) Chrome/68.0.3440.106 Safari/537.36"
106.13.58.36 - - [16/Apr/2019:21:00:53 +0800] "POST /link.php HTTP/1.1" 404 1121 "-" "Mozilla/5.0 (Windows NT 10.0; Win64; x64) AppleWebKit/537.36 (KHTML, like Gecko) Chrome/68.0.3440.106 Safari/537.36"
106.13.58.36 - - [16/Apr/2019:21:00:53 +0800] "POST /linkr.php HTTP/1.1" 404 1121 "-" "Mozilla/5.0 (Windows NT 10.0; Win64; x64) AppleWebKit/537.36 (KHTML, like Gecko) Chrome/68.0.3440.106 Safari/537.36"
112.17.247.93 - - [16/Apr/2019:21:00:53 +0800] "GET /views/consoles/ HTTP/1.1" 200 8947 "http://119.29.225.142/" "Mozilla/5.0 (Windows NT 10.0; Win64; x64) AppleWebKit/537.36 (KHTML, like Gecko) Chrome/64.0.3282.140 Safari/537.36 Edge/17.17134"
112.17.247.93 - - [16/Apr/2019:21:00:53 +0800] "GET /static/layuiadmin/style/custom.css HTTP/1.1" 200 392 "http://119.29.225.142/views/consoles/" "Mozilla/5.0 (Windows NT 10.0; Win64; x64) AppleWebKit/537.36 (KHTML, like Gecko) Chrome/64.0.3282.140 Safari/537.36 Edge/17.17134"
112.17.247.93 - - [16/Apr/2019:21:00:53 +0800] "GET /static/layuiadmin/modules/console2.js HTTP/1.1" 200 3561 "http://119.29.225.142/views/consoles/" "Mozilla/5.0 (Windows NT 10.0; Win64; x64) AppleWebKit/537.36 (KHTML, like Gecko) Chrome/64.0.3282.140 Safari/537.36 Edge/17.17134"
106.13.58.36 - - [16/Apr/2019:21:00:57 +0800] "POST /linkx.php HTTP/1.1" 404 1121 "-" "Mozilla/5.0 (Windows NT 10.0; Win64; x64) AppleWebKit/537.36 (KHTML, like Gecko) Chrome/68.0.3440.106 Safari/537.36"
106.13.58.36 - - [16/Apr/2019:21:00:57 +0800] "POST /kvast.php HTTP/1.1" 404 1121 "-" "Mozilla/5.0 (Windows NT 10.0; Win64; x64) AppleWebKit/537.36 (KHTML, like Gecko) Chrome/68.0.3440.106 Safari/537.36"
106.13.58.36 - - [16/Apr/2019:21:00:57 +0800] "POST /xiaobin.php HTTP/1.1" 404 1121 "-" "Mozilla/5.0 (Windows NT 10.0; Win64; x64) AppleWebKit/537.36 (KHTML, like Gecko) Chrome/68.0.3440.106 Safari/537.36"
106.13.58.36 - - [16/Apr/2019:21:00:57 +0800] "POST /ppp.php HTTP/1.1" 404 1121 "-" "Mozilla/5.0 (Windows NT 10.0; Win64; x64) AppleWebKit/537.36 (KHTML, like Gecko) Chrome/68.0.3440.106 Safari/537.36"
106.13.58.36 - - [16/Apr/2019:21:00:57 +0800] "POST /lm.php HTTP/1.1" 404 1121 "-" "Mozilla/5.0 (Windows NT 10.0; Win64; x64) AppleWebKit/537.36 (KHTML, like Gecko) Chrome/68.0.3440.106 Safari/537.36"
106.13.58.36 - - [16/Apr/2019:21:00:57 +0800] "POST /zzz.php HTTP/1.1" 404 1121 "-" "Mozilla/5.0 (Windows NT 10.0; Win64; x64) AppleWebKit/537.36 (KHTML, like Gecko) Chrome/68.0.3440.106 Safari/537.36"
106.13.58.36 - - [16/Apr/2019:21:00:57 +0800] "POST /520.php HTTP/1.1" 404 1121 "-" "Mozilla/5.0 (Windows NT 10.0; Win64; x64) AppleWebKit/537.36 (KHTML, like Gecko) Chrome/68.0.3440.106 Safari/537.36"
106.13.58.36 - - [16/Apr/2019:21:00:58 +0800] "POST /jkl.php HTTP/1.1" 404 1121 "-" "Mozilla/5.0 (Windows NT 10.0; Win64; x64) AppleWebKit/537.36 (KHTML, like Gecko) Chrome/68.0.3440.106 Safari/537.36"
106.13.58.36 - - [16/Apr/2019:21:00:58 +0800] "POST /lmn.php HTTP/1.1" 404 1121 "-" "Mozilla/5.0 (Windows NT 10.0; Win64; x64) AppleWebKit/537.36 (KHTML, like Gecko) Chrome/68.0.3440.106 Safari/537.36"
106.13.58.36 - - [16/Apr/2019:21:00:58 +0800] "POST /bx.php HTTP/1.1" 404 1121 "-" "Mozilla/5.0 (Windows NT 10.0; Win64; x64) AppleWebKit/537.36 (KHTML, like Gecko) Chrome/68.0.3440.106 Safari/537.36"
106.13.58.36 - - [16/Apr/2019:21:01:01 +0800] "POST /CCCC.PHP HTTP/1.1" 404 1121 "-" "Mozilla/5.0 (Windows NT 10.0; Win64; x64) AppleWebKit/537.36 (KHTML, like Gecko) Chrome/68.0.3440.106 Safari/537.36"
106.13.58.36 - - [16/Apr/2019:21:01:01 +0800] "POST /mobai.PHP HTTP/1.1" 404 1121 "-" "Mozilla/5.0 (Windows NT 10.0; Win64; x64) AppleWebKit/537.36 (KHTML, like Gecko) Chrome/68.0.3440.106 Safari/537.36"
106.13.58.36 - - [16/Apr/2019:21:01:01 +0800] "POST /ppp.php HTTP/1.1" 404 1121 "-" "Mozilla/5.0 (Windows NT 10.0; Win64; x64) AppleWebKit/537.36 (KHTML, like Gecko) Chrome/68.0.3440.106 Safari/537.36"
106.13.58.36 - - [16/Apr/2019:21:01:01 +0800] "POST /avast.php HTTP/1.1" 404 1121 "-" "Mozilla/5.0 (Windows NT 10.0; Win64; x64) AppleWebKit/537.36 (KHTML, like Gecko) Chrome/68.0.3440.106 Safari/537.36"
106.13.58.36 - - [16/Apr/2019:21:01:01 +0800] "POST /abc.php HTTP/1.1" 404 1121 "-" "Mozilla/5.0 (Windows NT 10.0; Win64; x64) AppleWebKit/537.36 (KHTML, like Gecko) Chrome/68.0.3440.106 Safari/537.36"
106.13.58.36 - - [16/Apr/2019:21:01:01 +0800] "POST /Pings.php HTTP/1.1" 404 1121 "-" "Mozilla/5.0 (Windows NT 10.0; Win64; x64) AppleWebKit/537.36 (KHTML, like Gecko) Chrome/68.0.3440.106 Safari/537.36"
106.13.58.36 - - [16/Apr/2019:21:01:02 +0800] "POST /123.php HTTP/1.1" 404 1121 "-" "Mozilla/5.0 (Windows NT 10.0; Win64; x64) AppleWebKit/537.36 (KHTML, like Gecko) Chrome/68.0.3440.106 Safari/537.36"
106.13.58.36 - - [16/Apr/2019:21:01:02 +0800] "POST /log.php HTTP/1.1" 404 1121 "-" "Mozilla/5.0 (Windows NT 10.0; Win64; x64) AppleWebKit/537.36 (KHTML, like Gecko) Chrome/68.0.3440.106 Safari/537.36"
106.13.58.36 - - [16/Apr/2019:21:01:02 +0800] "POST /log.php HTTP/1.1" 404 1121 "-" "Mozilla/5.0 (Windows NT 10.0; Win64; x64) AppleWebKit/537.36 (KHTML, like Gecko) Chrome/68.0.3440.106 Safari/537.36"
106.13.58.36 - - [16/Apr/2019:21:01:02 +0800] "POST /log1.php HTTP/1.1" 404 1121 "-" "Mozilla/5.0 (Windows NT 10.0; Win64; x64) AppleWebKit/537.36 (KHTML, like Gecko) Chrome/68.0.3440.106 Safari/537.36"
106.13.58.36 - - [16/Apr/2019:21:01:02 +0800] "POST /luoran6.php HTTP/1.1" 404 1121 "-" "Mozilla/5.0 (Windows NT 10.0; Win64; x64) AppleWebKit/537.36 (KHTML, like Gecko) Chrome/68.0.3440.106 Safari/537.36"
106.13.58.36 - - [16/Apr/2019:21:01:02 +0800] "POST /alipay.php HTTP/1.1" 404 1121 "-" "Mozilla/5.0 (Windows NT 10.0; Win64; x64) AppleWebKit/537.36 (KHTML, like Gecko) Chrome/68.0.3440.106 Safari/537.36"
106.13.58.36 - - [16/Apr/2019:21:01:02 +0800] "POST /config.php HTTP/1.1" 404 1121 "-" "Mozilla/5.0 (Windows NT 10.0; Win64; x64) AppleWebKit/537.36 (KHTML, like Gecko) Chrome/68.0.3440.106 Safari/537.36"
106.13.58.36 - - [16/Apr/2019:21:01:02 +0800] "POST /vf.php HTTP/1.1" 404 1121 "-" "Mozilla/5.0 (Windows NT 10.0; Win64; x64) AppleWebKit/537.36 (KHTML, like Gecko) Chrome/68.0.3440.106 Safari/537.36"
106.13.58.36 - - [16/Apr/2019:21:01:03 +0800] "POST /tianqi.php HTTP/1.1" 404 1121 "-" "Mozilla/5.0 (Windows NT 10.0; Win64; x64) AppleWebKit/537.36 (KHTML, like Gecko) Chrome/68.0.3440.106 Safari/537.36"
106.13.58.36 - - [16/Apr/2019:21:01:03 +0800] "POST /MCLi.php HTTP/1.1" 404 1121 "-" "Mozilla/5.0 (Windows NT 10.0; Win64; x64) AppleWebKit/537.36 (KHTML, like Gecko) Chrome/68.0.3440.106 Safari/537.36"
106.13.58.36 - - [16/Apr/2019:21:01:03 +0800] "POST /MCLi.php HTTP/1.1" 404 1121 "-" "Mozilla/5.0 (Windows NT 10.0; Win64; x64) AppleWebKit/537.36 (KHTML, like Gecko) Chrome/68.0.3440.106 Safari/537.36"
106.13.58.36 - - [16/Apr/2019:21:01:05 +0800] "POST /1.php HTTP/1.1" 404 1121 "-" "Mozilla/5.0 (Windows NT 10.0; Win64; x64) AppleWebKit/537.36 (KHTML, like Gecko) Chrome/68.0.3440.106 Safari/537.36"
106.13.58.36 - - [16/Apr/2019:21:01:05 +0800] "POST /d.php HTTP/1.1" 404 1121 "-" "Mozilla/5.0 (Windows NT 10.0; Win64; x64) AppleWebKit/537.36 (KHTML, like Gecko) Chrome/68.0.3440.106 Safari/537.36"
106.13.58.36 - - [16/Apr/2019:21:01:05 +0800] "POST /function.inc.php HTTP/1.1" 404 1121 "-" "Mozilla/5.0 (Windows NT 10.0; Win64; x64) AppleWebKit/537.36 (KHTML, like Gecko) Chrome/68.0.3440.106 Safari/537.36"
106.13.58.36 - - [16/Apr/2019:21:01:05 +0800] "POST /zxc1.php HTTP/1.1" 404 1121 "-" "Mozilla/5.0 (Windows NT 10.0; Win64; x64) AppleWebKit/537.36 (KHTML, like Gecko) Chrome/68.0.3440.106 Safari/537.36"
106.13.58.36 - - [16/Apr/2019:21:01:05 +0800] "POST /zxc0.php HTTP/1.1" 404 1121 "-" "Mozilla/5.0 (Windows NT 10.0; Win64; x64) AppleWebKit/537.36 (KHTML, like Gecko) Chrome/68.0.3440.106 Safari/537.36"
106.13.58.36 - - [16/Apr/2019:21:01:05 +0800] "POST /zxc1.php HTTP/1.1" 404 1121 "-" "Mozilla/5.0 (Windows NT 10.0; Win64; x64) AppleWebKit/537.36 (KHTML, like Gecko) Chrome/68.0.3440.106 Safari/537.36"
106.13.58.36 - - [16/Apr/2019:21:01:06 +0800] "POST /zxc2.php HTTP/1.1" 404 1121 "-" "Mozilla/5.0 (Windows NT 10.0; Win64; x64) AppleWebKit/537.36 (KHTML, like Gecko) Chrome/68.0.3440.106 Safari/537.36"
106.13.58.36 - - [16/Apr/2019:21:01:06 +0800] "POST /indexa.php HTTP/1.1" 404 1121 "-" "Mozilla/5.0 (Windows NT 10.0; Win64; x64) AppleWebKit/537.36 (KHTML, like Gecko) Chrome/68.0.3440.106 Safari/537.36"
106.13.58.36 - - [16/Apr/2019:21:01:06 +0800] "POST /lx.php HTTP/1.1" 404 1121 "-" "Mozilla/5.0 (Windows NT 10.0; Win64; x64) AppleWebKit/537.36 (KHTML, like Gecko) Chrome/68.0.3440.106 Safari/537.36"
106.13.58.36 - - [16/Apr/2019:21:01:06 +0800] "POST /cn.php HTTP/1.1" 404 1121 "-" "Mozilla/5.0 (Windows NT 10.0; Win64; x64) AppleWebKit/537.36 (KHTML, like Gecko) Chrome/68.0.3440.106 Safari/537.36"
106.13.58.36 - - [16/Apr/2019:21:01:06 +0800] "POST /api.php HTTP/1.1" 404 1121 "-" "Mozilla/5.0 (Windows NT 10.0; Win64; x64) AppleWebKit/537.36 (KHTML, like Gecko) Chrome/68.0.3440.106 Safari/537.36"
106.13.58.36 - - [16/Apr/2019:21:01:06 +0800] "POST /index1.php HTTP/1.1" 404 1121 "-" "Mozilla/5.0 (Windows NT 10.0; Win64; x64) AppleWebKit/537.36 (KHTML, like Gecko) Chrome/68.0.3440.106 Safari/537.36"
106.13.58.36 - - [16/Apr/2019:21:01:06 +0800] "POST /info.php HTTP/1.1" 404 1121 "-" "Mozilla/5.0 (Windows NT 10.0; Win64; x64) AppleWebKit/537.36 (KHTML, like Gecko) Chrome/68.0.3440.106 Safari/537.36"
106.13.58.36 - - [16/Apr/2019:21:01:06 +0800] "POST /info1.php HTTP/1.1" 404 1121 "-" "Mozilla/5.0 (Windows NT 10.0; Win64; x64) AppleWebKit/537.36 (KHTML, like Gecko) Chrome/68.0.3440.106 Safari/537.36"
106.13.58.36 - - [16/Apr/2019:21:01:07 +0800] "POST /aaaaaa1.php HTTP/1.1" 404 1121 "-" "Mozilla/5.0 (Windows NT 10.0; Win64; x64) AppleWebKit/537.36 (KHTML, like Gecko) Chrome/68.0.3440.106 Safari/537.36"
106.13.58.36 - - [16/Apr/2019:21:01:07 +0800] "POST /up.php HTTP/1.1" 404 1121 "-" "Mozilla/5.0 (Windows NT 10.0; Win64; x64) AppleWebKit/537.36 (KHTML, like Gecko) Chrome/68.0.3440.106 Safari/537.36"
106.13.58.36 - - [16/Apr/2019:21:01:07 +0800] "POST /test123.php HTTP/1.1" 404 1121 "-" "Mozilla/5.0 (Windows NT 10.0; Win64; x64) AppleWebKit/537.36 (KHTML, like Gecko) Chrome/68.0.3440.106 Safari/537.36"
106.13.58.36 - - [16/Apr/2019:21:01:09 +0800] "POST /index.php?s=captcha HTTP/1.1" 404 1121 "-" "Mozilla/5.0 (Windows NT 5.1) AppleWebKit/537.36 (KHTML, like Gecko) Chrome/58.0.3029.110 Safari/537.36 SE 2.X MetaSr 1.0"
106.13.58.36 - - [16/Apr/2019:21:01:09 +0800] "POST /index.php?s=captcha HTTP/1.1" 404 1121 "-" "Mozilla/5.0 (Windows NT 5.1) AppleWebKit/537.36 (KHTML, like Gecko) Chrome/58.0.3029.110 Safari/537.36 SE 2.X MetaSr 1.0"
106.13.58.36 - - [16/Apr/2019:21:01:09 +0800] "GET /index.php HTTP/1.1" 404 1121 "-" "Mozilla/5.0 (Windows NT 5.2) AppleWebKit/537.36 (KHTML, like Gecko) Chrome/58.0.3029.110 Safari/537.36 SE 2.X MetaSr 1.0"
106.13.58.36 - - [16/Apr/2019:21:01:09 +0800] "GET /phpmyadmin/index.php HTTP/1.1" 404 1121 "-" "Mozilla/5.0 (Windows NT 5.2) AppleWebKit/537.36 (KHTML, like Gecko) Chrome/58.0.3029.110 Safari/537.36 SE 2.X MetaSr 1.0"
106.13.58.36 - - [16/Apr/2019:21:01:09 +0800] "GET /phpMyAdmin/index.php HTTP/1.1" 404 1121 "-" "Mozilla/5.0 (Windows NT 5.2) AppleWebKit/537.36 (KHTML, like Gecko) Chrome/58.0.3029.110 Safari/537.36 SE 2.X MetaSr 1.0"
106.13.58.36 - - [16/Apr/2019:21:01:09 +0800] "GET /pmd/index.php HTTP/1.1" 404 1121 "-" "Mozilla/5.0 (Windows NT 5.2) AppleWebKit/537.36 (KHTML, like Gecko) Chrome/58.0.3029.110 Safari/537.36 SE 2.X MetaSr 1.0"
106.13.58.36 - - [16/Apr/2019:21:01:09 +0800] "GET /pma/index.php HTTP/1.1" 404 1121 "-" "Mozilla/5.0 (Windows NT 5.2) AppleWebKit/537.36 (KHTML, like Gecko) Chrome/58.0.3029.110 Safari/537.36 SE 2.X MetaSr 1.0"
106.13.58.36 - - [16/Apr/2019:21:01:10 +0800] "GET /PMA/index.php HTTP/1.1" 404 1121 "-" "Mozilla/5.0 (Windows NT 5.2) AppleWebKit/537.36 (KHTML, like Gecko) Chrome/58.0.3029.110 Safari/537.36 SE 2.X MetaSr 1.0"
106.13.58.36 - - [16/Apr/2019:21:01:10 +0800] "GET /PMA2/index.php HTTP/1.1" 404 1121 "-" "Mozilla/5.0 (Windows NT 5.2) AppleWebKit/537.36 (KHTML, like Gecko) Chrome/58.0.3029.110 Safari/537.36 SE 2.X MetaSr 1.0"
106.13.58.36 - - [16/Apr/2019:21:01:10 +0800] "GET /pmamy/index.php HTTP/1.1" 404 1121 "-" "Mozilla/5.0 (Windows NT 5.2) AppleWebKit/537.36 (KHTML, like Gecko) Chrome/58.0.3029.110 Safari/537.36 SE 2.X MetaSr 1.0"
106.13.58.36 - - [16/Apr/2019:21:01:10 +0800] "GET /pmamy2/index.php HTTP/1.1" 404 1121 "-" "Mozilla/5.0 (Windows NT 5.2) AppleWebKit/537.36 (KHTML, like Gecko) Chrome/58.0.3029.110 Safari/537.36 SE 2.X MetaSr 1.0"
106.13.58.36 - - [16/Apr/2019:21:01:10 +0800] "GET /mysql/index.php HTTP/1.1" 404 1121 "-" "Mozilla/5.0 (Windows NT 5.2) AppleWebKit/537.36 (KHTML, like Gecko) Chrome/58.0.3029.110 Safari/537.36 SE 2.X MetaSr 1.0"
106.13.58.36 - - [16/Apr/2019:21:01:10 +0800] "GET /admin/index.php HTTP/1.1" 404 1121 "-" "Mozilla/5.0 (Windows NT 5.2) AppleWebKit/537.36 (KHTML, like Gecko) Chrome/58.0.3029.110 Safari/537.36 SE 2.X MetaSr 1.0"
106.13.58.36 - - [16/Apr/2019:21:01:10 +0800] "GET /db/index.php HTTP/1.1" 404 1121 "-" "Mozilla/5.0 (Windows NT 5.2) AppleWebKit/537.36 (KHTML, like Gecko) Chrome/58.0.3029.110 Safari/537.36 SE 2.X MetaSr 1.0"
106.13.58.36 - - [16/Apr/2019:21:01:10 +0800] "GET /dbadmin/index.php HTTP/1.1" 404 1121 "-" "Mozilla/5.0 (Windows NT 5.2) AppleWebKit/537.36 (KHTML, like Gecko) Chrome/58.0.3029.110 Safari/537.36 SE 2.X MetaSr 1.0"
106.13.58.36 - - [16/Apr/2019:21:01:11 +0800] "GET /web/phpMyAdmin/index.php HTTP/1.1" 404 1121 "-" "Mozilla/5.0 (Windows NT 5.2) AppleWebKit/537.36 (KHTML, like Gecko) Chrome/58.0.3029.110 Safari/537.36 SE 2.X MetaSr 1.0"
106.13.58.36 - - [16/Apr/2019:21:01:11 +0800] "GET /admin/pma/index.php HTTP/1.1" 404 1121 "-" "Mozilla/5.0 (Windows NT 5.2) AppleWebKit/537.36 (KHTML, like Gecko) Chrome/58.0.3029.110 Safari/537.36 SE 2.X MetaSr 1.0"
106.13.58.36 - - [16/Apr/2019:21:01:11 +0800] "GET /admin/PMA/index.php HTTP/1.1" 404 1121 "-" "Mozilla/5.0 (Windows NT 5.2) AppleWebKit/537.36 (KHTML, like Gecko) Chrome/58.0.3029.110 Safari/537.36 SE 2.X MetaSr 1.0"
106.13.58.36 - - [16/Apr/2019:21:01:11 +0800] "GET /admin/mysql/index.php HTTP/1.1" 404 1121 "-" "Mozilla/5.0 (Windows NT 5.2) AppleWebKit/537.36 (KHTML, like Gecko) Chrome/58.0.3029.110 Safari/537.36 SE 2.X MetaSr 1.0"
