112.17.236.131 - - [15/Apr/2019:22:34:48 +0800] "GET /static/layuiadmin/layui/css/modules/layer/default/layer.css?v=3.1.1 HTTP/1.1" 200 14425 "http://119.29.225.142/views/console/" "Mozilla/5.0 (Windows NT 10.0; WOW64) AppleWebKit/537.36 (KHTML, like Gecko) Chrome/71.0.3578.98 Safari/537.36"
42.236.10.125 - - [15/Apr/2019:22:34:48 +0800] "GET /static/layuiadmin/layui/lay/modules/layer.js HTTP/1.1" 200 22041 "http://119.29.225.142/views/console/" "Mozilla/5.0 (iPhone; CPU iPhone OS 11_0 like Mac OS X) AppleWebKit/604.1.38 (KHTML, like Gecko) Version/11.0 Mobile/15A372 Safari/604.1"
42.236.10.114 - - [15/Apr/2019:22:34:48 +0800] "GET /static/layuiadmin/lib/view.js HTTP/1.1" 200 9831 "http://119.29.225.142/" "Mozilla/5.0 (iPhone; CPU iPhone OS 11_0 like Mac OS X) AppleWebKit/604.1.38 (KHTML, like Gecko) Version/11.0 Mobile/15A372 Safari/604.1"
112.17.236.131 - - [15/Apr/2019:22:34:49 +0800] "GET /static/layuiadmin/layui/lay/modules/jquery.js HTTP/1.1" 200 97648 "http://119.29.225.142/" "Mozilla/5.0 (Windows NT 10.0; WOW64) AppleWebKit/537.36 (KHTML, like Gecko) Chrome/71.0.3578.98 Safari/537.36"
112.17.236.131 - - [15/Apr/2019:22:34:49 +0800] "GET /static/layuiadmin/layui/lay/modules/element.js HTTP/1.1" 200 7264 "http://119.29.225.142/" "Mozilla/5.0 (Windows NT 10.0; WOW64) AppleWebKit/537.36 (KHTML, like Gecko) Chrome/71.0.3578.98 Safari/537.36"
112.17.236.131 - - [15/Apr/2019:22:34:49 +0800] "GET /static/layuiadmin/layui/lay/modules/util.js HTTP/1.1" 200 3458 "http://119.29.225.142/" "Mozilla/5.0 (Windows NT 10.0; WOW64) AppleWebKit/537.36 (KHTML, like Gecko) Chrome/71.0.3578.98 Safari/537.36"
112.17.236.131 - - [15/Apr/2019:22:34:49 +0800] "GET /static/layuiadmin/lib/admin.js HTTP/1.1" 200 25706 "http://119.29.225.142/views/console/" "Mozilla/5.0 (Windows NT 10.0; WOW64) AppleWebKit/537.36 (KHTML, like Gecko) Chrome/71.0.3578.98 Safari/537.36"
112.17.236.131 - - [15/Apr/2019:22:34:49 +0800] "GET /static/favicon.ico HTTP/1.1" 200 4286 "http://119.29.225.142/" "Mozilla/5.0 (Windows NT 10.0; WOW64) AppleWebKit/537.36 (KHTML, like Gecko) Chrome/71.0.3578.98 Safari/537.36"
112.17.236.131 - - [15/Apr/2019:22:34:49 +0800] "GET /static/layuiadmin/lib/view.js HTTP/1.1" 200 9831 "http://119.29.225.142/views/console/" "Mozilla/5.0 (Windows NT 10.0; WOW64) AppleWebKit/537.36 (KHTML, like Gecko) Chrome/71.0.3578.98 Safari/537.36"
112.17.236.131 - - [15/Apr/2019:22:34:49 +0800] "GET /static/layuiadmin/modules/common.js HTTP/1.1" 200 1009 "http://119.29.225.142/" "Mozilla/5.0 (Windows NT 10.0; WOW64) AppleWebKit/537.36 (KHTML, like Gecko) Chrome/71.0.3578.98 Safari/537.36"
112.17.236.131 - - [15/Apr/2019:22:34:49 +0800] "GET /static/layuiadmin/modules/console.js HTTP/1.1" 200 5135 "http://119.29.225.142/views/console/" "Mozilla/5.0 (Windows NT 10.0; WOW64) AppleWebKit/537.36 (KHTML, like Gecko) Chrome/71.0.3578.98 Safari/537.36"
112.17.236.131 - - [15/Apr/2019:22:34:50 +0800] "GET /static/layuiadmin/layui/lay/modules/carousel.js HTTP/1.1" 200 3839 "http://119.29.225.142/views/console/" "Mozilla/5.0 (Windows NT 10.0; WOW64) AppleWebKit/537.36 (KHTML, like Gecko) Chrome/71.0.3578.98 Safari/537.36"
42.236.10.114 - - [15/Apr/2019:22:34:50 +0800] "GET /static/layuiadmin/layui/lay/modules/jquery.js HTTP/1.1" 200 97648 "http://119.29.225.142/views/console/" "Mozilla/5.0 (iPhone; CPU iPhone OS 11_0 like Mac OS X) AppleWebKit/604.1.38 (KHTML, like Gecko) Version/11.0 Mobile/15A372 Safari/604.1"
42.236.10.125 - - [15/Apr/2019:22:34:50 +0800] "GET /static/layuiadmin/modules/common.js HTTP/1.1" 200 1009 "http://119.29.225.142/" "Mozilla/5.0 (iPhone; CPU iPhone OS 11_0 like Mac OS X) AppleWebKit/604.1.38 (KHTML, like Gecko) Version/11.0 Mobile/15A372 Safari/604.1"
42.236.10.125 - - [15/Apr/2019:22:34:50 +0800] "GET /static/layuiadmin/layui/css/modules/layer/default/layer.css?v=3.1.1 HTTP/1.1" 200 14425 "http://119.29.225.142/views/console/" "Mozilla/5.0 (iPhone; CPU iPhone OS 11_0 like Mac OS X) AppleWebKit/604.1.38 (KHTML, like Gecko) Version/11.0 Mobile/15A372 Safari/604.1"
42.236.10.114 - - [15/Apr/2019:22:34:52 +0800] "GET /static/layuiadmin/layui/lay/modules/element.js HTTP/1.1" 200 7264 "http://119.29.225.142/views/console/" "Mozilla/5.0 (iPhone; CPU iPhone OS 11_0 like Mac OS X) AppleWebKit/604.1.38 (KHTML, like Gecko) Version/11.0 Mobile/15A372 Safari/604.1"
180.163.220.3 - - [15/Apr/2019:22:34:52 +0800] "GET / HTTP/1.1" 200 12678 "-" "Mozilla/5.0 (iPhone; CPU iPhone OS 11_0 like Mac OS X) AppleWebKit/604.1.38 (KHTML, like Gecko) Version/11.0 Mobile/15A372 Safari/604.1"
42.236.10.114 - - [15/Apr/2019:22:34:53 +0800] "GET /static/layuiadmin/layui/lay/modules/util.js HTTP/1.1" 200 3458 "http://119.29.225.142/views/console/" "Mozilla/5.0 (iPhone; CPU iPhone OS 11_0 like Mac OS X) AppleWebKit/604.1.38 (KHTML, like Gecko) Version/11.0 Mobile/15A372 Safari/604.1"
180.163.220.3 - - [15/Apr/2019:22:34:54 +0800] "GET /static/layuiadmin/layui/layui.js HTTP/1.1" 200 6667 "http://119.29.225.142/" "Mozilla/5.0 (iPhone; CPU iPhone OS 11_0 like Mac OS X) AppleWebKit/604.1.38 (KHTML, like Gecko) Version/11.0 Mobile/15A372 Safari/604.1"
180.163.220.68 - - [15/Apr/2019:22:34:54 +0800] "GET /static/layuiadmin/style/admin.css HTTP/1.1" 200 26143 "http://119.29.225.142/" "Mozilla/5.0 (iPhone; CPU iPhone OS 11_0 like Mac OS X) AppleWebKit/604.1.38 (KHTML, like Gecko) Version/11.0 Mobile/15A372 Safari/604.1"
180.163.220.68 - - [15/Apr/2019:22:34:54 +0800] "GET /static/layuiadmin/layui/css/modules/layer/default/layer.css HTTP/1.1" 200 14425 "http://119.29.225.142/" "Mozilla/5.0 (iPhone; CPU iPhone OS 11_0 like Mac OS X) AppleWebKit/604.1.38 (KHTML, like Gecko) Version/11.0 Mobile/15A372 Safari/604.1"
180.163.220.3 - - [15/Apr/2019:22:34:54 +0800] "GET /static/layuiadmin/layui/css/layui.css HTTP/1.1" 200 69524 "http://119.29.225.142/" "Mozilla/5.0 (iPhone; CPU iPhone OS 11_0 like Mac OS X) AppleWebKit/604.1.38 (KHTML, like Gecko) Version/11.0 Mobile/15A372 Safari/604.1"
42.236.10.114 - - [15/Apr/2019:22:34:54 +0800] "GET /static/layuiadmin/lib/admin.js HTTP/1.1" 200 25706 "http://119.29.225.142/views/console/" "Mozilla/5.0 (iPhone; CPU iPhone OS 11_0 like Mac OS X) AppleWebKit/604.1.38 (KHTML, like Gecko) Version/11.0 Mobile/15A372 Safari/604.1"
42.236.10.114 - - [15/Apr/2019:22:34:55 +0800] "GET /static/layuiadmin/modules/console.js HTTP/1.1" 200 5135 "http://119.29.225.142/views/console/" "Mozilla/5.0 (iPhone; CPU iPhone OS 11_0 like Mac OS X) AppleWebKit/604.1.38 (KHTML, like Gecko) Version/11.0 Mobile/15A372 Safari/604.1"
42.236.10.114 - - [15/Apr/2019:22:34:56 +0800] "GET /static/layuiadmin/layui/lay/modules/carousel.js HTTP/1.1" 200 3839 "http://119.29.225.142/views/console/" "Mozilla/5.0 (iPhone; CPU iPhone OS 11_0 like Mac OS X) AppleWebKit/604.1.38 (KHTML, like Gecko) Version/11.0 Mobile/15A372 Safari/604.1"
112.17.236.131 - - [15/Apr/2019:22:34:57 +0800] "GET /views/consoles HTTP/1.1" 301 0 "http://119.29.225.142/" "Mozilla/5.0 (Windows NT 10.0; WOW64) AppleWebKit/537.36 (KHTML, like Gecko) Chrome/71.0.3578.98 Safari/537.36"
112.17.236.131 - - [15/Apr/2019:22:34:58 +0800] "GET /views/consoles/ HTTP/1.1" 200 11247 "http://119.29.225.142/" "Mozilla/5.0 (Windows NT 10.0; WOW64) AppleWebKit/537.36 (KHTML, like Gecko) Chrome/71.0.3578.98 Safari/537.36"
180.163.220.68 - - [15/Apr/2019:22:34:58 +0800] "GET /views/console HTTP/1.1" 301 0 "http://119.29.225.142/" "Mozilla/5.0 (iPhone; CPU iPhone OS 11_0 like Mac OS X) AppleWebKit/604.1.38 (KHTML, like Gecko) Version/11.0 Mobile/15A372 Safari/604.1"
180.163.220.68 - - [15/Apr/2019:22:34:58 +0800] "GET /static/layuiadmin/layui/font/iconfont.woff?v=240 HTTP/1.1" 200 26744 "http://119.29.225.142/static/layuiadmin/layui/css/layui.css" "Mozilla/5.0 (iPhone; CPU iPhone OS 11_0 like Mac OS X) AppleWebKit/604.1.38 (KHTML, like Gecko) Version/11.0 Mobile/15A372 Safari/604.1"
112.17.236.131 - - [15/Apr/2019:22:34:58 +0800] "GET /static/layuiadmin/style/custom.css HTTP/1.1" 200 392 "http://119.29.225.142/views/consoles/" "Mozilla/5.0 (Windows NT 10.0; WOW64) AppleWebKit/537.36 (KHTML, like Gecko) Chrome/71.0.3578.98 Safari/537.36"
112.17.236.131 - - [15/Apr/2019:22:34:58 +0800] "GET /static/layuiadmin/modules/console2.js HTTP/1.1" 200 3561 "http://119.29.225.142/views/consoles/" "Mozilla/5.0 (Windows NT 10.0; WOW64) AppleWebKit/537.36 (KHTML, like Gecko) Chrome/71.0.3578.98 Safari/537.36"
180.163.220.68 - - [15/Apr/2019:22:34:59 +0800] "GET /static/layuiadmin/lib/index.js HTTP/1.1" 200 2434 "http://119.29.225.142/" "Mozilla/5.0 (iPhone; CPU iPhone OS 11_0 like Mac OS X) AppleWebKit/604.1.38 (KHTML, like Gecko) Version/11.0 Mobile/15A372 Safari/604.1"
180.163.220.68 - - [15/Apr/2019:22:35:01 +0800] "GET /static/layuiadmin/config.js HTTP/1.1" 200 5395 "http://119.29.225.142/" "Mozilla/5.0 (iPhone; CPU iPhone OS 11_0 like Mac OS X) AppleWebKit/604.1.38 (KHTML, like Gecko) Version/11.0 Mobile/15A372 Safari/604.1"
180.163.220.68 - - [15/Apr/2019:22:35:02 +0800] "GET /views/console/ HTTP/1.1" 200 13204 "http://119.29.225.142/" "Mozilla/5.0 (iPhone; CPU iPhone OS 11_0 like Mac OS X) AppleWebKit/604.1.38 (KHTML, like Gecko) Version/11.0 Mobile/15A372 Safari/604.1"
180.163.220.68 - - [15/Apr/2019:22:35:03 +0800] "GET /static/layuiadmin/layui/lay/modules/laytpl.js HTTP/1.1" 200 1836 "http://119.29.225.142/" "Mozilla/5.0 (iPhone; CPU iPhone OS 11_0 like Mac OS X) AppleWebKit/604.1.38 (KHTML, like Gecko) Version/11.0 Mobile/15A372 Safari/604.1"
180.163.220.68 - - [15/Apr/2019:22:35:04 +0800] "GET /static/layuiadmin/layui/lay/modules/layer.js HTTP/1.1" 200 22041 "http://119.29.225.142/" "Mozilla/5.0 (iPhone; CPU iPhone OS 11_0 like Mac OS X) AppleWebKit/604.1.38 (KHTML, like Gecko) Version/11.0 Mobile/15A372 Safari/604.1"
180.163.220.68 - - [15/Apr/2019:22:35:05 +0800] "GET /static/layuiadmin/layui/css/layui.css HTTP/1.1" 200 69524 "http://119.29.225.142/views/console/" "Mozilla/5.0 (iPhone; CPU iPhone OS 11_0 like Mac OS X) AppleWebKit/604.1.38 (KHTML, like Gecko) Version/11.0 Mobile/15A372 Safari/604.1"
180.163.220.3 - - [15/Apr/2019:22:35:05 +0800] "GET /static/layuiadmin/style/admin.css HTTP/1.1" 200 26143 "http://119.29.225.142/views/console/" "Mozilla/5.0 (iPhone; CPU iPhone OS 11_0 like Mac OS X) AppleWebKit/604.1.38 (KHTML, like Gecko) Version/11.0 Mobile/15A372 Safari/604.1"
180.163.220.3 - - [15/Apr/2019:22:35:05 +0800] "GET /static/layuiadmin/layui/layui.js?t=1 HTTP/1.1" 200 6667 "http://119.29.225.142/views/console/" "Mozilla/5.0 (iPhone; CPU iPhone OS 11_0 like Mac OS X) AppleWebKit/604.1.38 (KHTML, like Gecko) Version/11.0 Mobile/15A372 Safari/604.1"
180.163.220.68 - - [15/Apr/2019:22:35:06 +0800] "GET /static/layuiadmin/layui/lay/modules/jquery.js HTTP/1.1" 200 97648 "http://119.29.225.142/" "Mozilla/5.0 (iPhone; CPU iPhone OS 11_0 like Mac OS X) AppleWebKit/604.1.38 (KHTML, like Gecko) Version/11.0 Mobile/15A372 Safari/604.1"
112.17.236.131 - - [15/Apr/2019:22:35:06 +0800] "GET /accounts/login HTTP/1.1" 301 0 "http://119.29.225.142/" "Mozilla/5.0 (Windows NT 10.0; WOW64) AppleWebKit/537.36 (KHTML, like Gecko) Chrome/71.0.3578.98 Safari/537.36"
112.17.236.131 - - [15/Apr/2019:22:35:07 +0800] "GET /accounts/login/ HTTP/1.1" 200 5358 "http://119.29.225.142/" "Mozilla/5.0 (Windows NT 10.0; WOW64) AppleWebKit/537.36 (KHTML, like Gecko) Chrome/71.0.3578.98 Safari/537.36"
112.17.236.131 - - [15/Apr/2019:22:35:07 +0800] "GET /static/layuiadmin/lib/extend/echarts.js HTTP/1.1" 200 993742 "http://119.29.225.142/views/consoles/" "Mozilla/5.0 (Windows NT 10.0; WOW64) AppleWebKit/537.36 (KHTML, like Gecko) Chrome/71.0.3578.98 Safari/537.36"
112.17.236.131 - - [15/Apr/2019:22:35:07 +0800] "GET /static/users/css/admin.css HTTP/1.1" 200 1905 "http://119.29.225.142/accounts/login/" "Mozilla/5.0 (Windows NT 10.0; WOW64) AppleWebKit/537.36 (KHTML, like Gecko) Chrome/71.0.3578.98 Safari/537.36"
112.17.236.131 - - [15/Apr/2019:22:35:07 +0800] "GET /static/users/js/layui.js HTTP/1.1" 200 9722 "http://119.29.225.142/accounts/login/" "Mozilla/5.0 (Windows NT 10.0; WOW64) AppleWebKit/537.36 (KHTML, like Gecko) Chrome/71.0.3578.98 Safari/537.36"
112.17.236.131 - - [15/Apr/2019:22:35:07 +0800] "GET /static/users/css/layui.css HTTP/1.1" 200 78313 "http://119.29.225.142/accounts/login/" "Mozilla/5.0 (Windows NT 10.0; WOW64) AppleWebKit/537.36 (KHTML, like Gecko) Chrome/71.0.3578.98 Safari/537.36"
112.17.236.131 - - [15/Apr/2019:22:35:08 +0800] "GET /static/users/js/lay/modules/layer.js HTTP/1.1" 200 32221 "http://119.29.225.142/accounts/login/" "Mozilla/5.0 (Windows NT 10.0; WOW64) AppleWebKit/537.36 (KHTML, like Gecko) Chrome/71.0.3578.98 Safari/537.36"
112.17.236.131 - - [15/Apr/2019:22:35:08 +0800] "GET /static/users/font/iconfont.woff?v=230 HTTP/1.1" 200 26328 "http://119.29.225.142/static/users/css/layui.css" "Mozilla/5.0 (Windows NT 10.0; WOW64) AppleWebKit/537.36 (KHTML, like Gecko) Chrome/71.0.3578.98 Safari/537.36"
112.17.236.131 - - [15/Apr/2019:22:35:08 +0800] "GET /static/users/js/css/modules/layer/default/layer.css?v=3.1.1 HTTP/1.1" 200 18685 "http://119.29.225.142/accounts/login/" "Mozilla/5.0 (Windows NT 10.0; WOW64) AppleWebKit/537.36 (KHTML, like Gecko) Chrome/71.0.3578.98 Safari/537.36"
180.163.220.68 - - [15/Apr/2019:22:35:09 +0800] "GET /static/layuiadmin/layui/lay/modules/element.js HTTP/1.1" 200 7264 "http://119.29.225.142/" "Mozilla/5.0 (iPhone; CPU iPhone OS 11_0 like Mac OS X) AppleWebKit/604.1.38 (KHTML, like Gecko) Version/11.0 Mobile/15A372 Safari/604.1"
112.17.236.131 - - [15/Apr/2019:22:35:10 +0800] "GET /static/users/js/lay/modules/jquery.js HTTP/1.1" 200 147362 "http://119.29.225.142/accounts/login/" "Mozilla/5.0 (Windows NT 10.0; WOW64) AppleWebKit/537.36 (KHTML, like Gecko) Chrome/71.0.3578.98 Safari/537.36"
180.163.220.68 - - [15/Apr/2019:22:35:11 +0800] "GET /static/layuiadmin/layui/lay/modules/util.js HTTP/1.1" 200 3458 "http://119.29.225.142/" "Mozilla/5.0 (iPhone; CPU iPhone OS 11_0 like Mac OS X) AppleWebKit/604.1.38 (KHTML, like Gecko) Version/11.0 Mobile/15A372 Safari/604.1"
112.17.236.131 - - [15/Apr/2019:22:35:11 +0800] "GET /static/images/background.jpg HTTP/1.1" 200 276020 "http://119.29.225.142/static/users/css/admin.css" "Mozilla/5.0 (Windows NT 10.0; WOW64) AppleWebKit/537.36 (KHTML, like Gecko) Chrome/71.0.3578.98 Safari/537.36"
112.17.236.131 - - [15/Apr/2019:22:35:12 +0800] "GET /favicon.ico HTTP/1.1" 404 1121 "http://119.29.225.142/accounts/login/" "Mozilla/5.0 (Windows NT 10.0; WOW64) AppleWebKit/537.36 (KHTML, like Gecko) Chrome/71.0.3578.98 Safari/537.36"
112.17.236.131 - - [15/Apr/2019:22:35:12 +0800] "GET /accounts/login/code.jpg HTTP/1.1" 404 1121 "http://119.29.225.142/accounts/login/" "Mozilla/5.0 (Windows NT 10.0; WOW64) AppleWebKit/537.36 (KHTML, like Gecko) Chrome/71.0.3578.98 Safari/537.36"
180.163.220.68 - - [15/Apr/2019:22:35:12 +0800] "GET /static/layuiadmin/lib/index.js HTTP/1.1" 200 2434 "http://119.29.225.142/views/console/" "Mozilla/5.0 (iPhone; CPU iPhone OS 11_0 like Mac OS X) AppleWebKit/604.1.38 (KHTML, like Gecko) Version/11.0 Mobile/15A372 Safari/604.1"
180.163.220.68 - - [15/Apr/2019:22:35:12 +0800] "GET /static/layuiadmin/lib/admin.js HTTP/1.1" 200 25706 "http://119.29.225.142/" "Mozilla/5.0 (iPhone; CPU iPhone OS 11_0 like Mac OS X) AppleWebKit/604.1.38 (KHTML, like Gecko) Version/11.0 Mobile/15A372 Safari/604.1"
180.163.220.68 - - [15/Apr/2019:22:35:13 +0800] "GET /static/layuiadmin/config.js HTTP/1.1" 200 5395 "http://119.29.225.142/views/console/" "Mozilla/5.0 (iPhone; CPU iPhone OS 11_0 like Mac OS X) AppleWebKit/604.1.38 (KHTML, like Gecko) Version/11.0 Mobile/15A372 Safari/604.1"
180.163.220.4 - - [15/Apr/2019:22:35:13 +0800] "GET /static/layuiadmin/lib/view.js HTTP/1.1" 200 9831 "http://119.29.225.142/" "Mozilla/5.0 (iPhone; CPU iPhone OS 11_0 like Mac OS X) AppleWebKit/604.1.38 (KHTML, like Gecko) Version/11.0 Mobile/15A372 Safari/604.1"
180.163.220.4 - - [15/Apr/2019:22:35:14 +0800] "GET /static/layuiadmin/layui/lay/modules/laytpl.js HTTP/1.1" 200 1836 "http://119.29.225.142/views/console/" "Mozilla/5.0 (iPhone; CPU iPhone OS 11_0 like Mac OS X) AppleWebKit/604.1.38 (KHTML, like Gecko) Version/11.0 Mobile/15A372 Safari/604.1"
180.163.220.4 - - [15/Apr/2019:22:35:14 +0800] "GET /static/layuiadmin/modules/common.js HTTP/1.1" 200 1009 "http://119.29.225.142/" "Mozilla/5.0 (iPhone; CPU iPhone OS 11_0 like Mac OS X) AppleWebKit/604.1.38 (KHTML, like Gecko) Version/11.0 Mobile/15A372 Safari/604.1"
180.163.220.4 - - [15/Apr/2019:22:35:14 +0800] "GET /static/layuiadmin/layui/lay/modules/layer.js HTTP/1.1" 200 22041 "http://119.29.225.142/views/console/" "Mozilla/5.0 (iPhone; CPU iPhone OS 11_0 like Mac OS X) AppleWebKit/604.1.38 (KHTML, like Gecko) Version/11.0 Mobile/15A372 Safari/604.1"
180.163.220.4 - - [15/Apr/2019:22:35:14 +0800] "GET /static/layuiadmin/layui/css/modules/layer/default/layer.css?v=3.1.1 HTTP/1.1" 200 14425 "http://119.29.225.142/views/console/" "Mozilla/5.0 (iPhone; CPU iPhone OS 11_0 like Mac OS X) AppleWebKit/604.1.38 (KHTML, like Gecko) Version/11.0 Mobile/15A372 Safari/604.1"
180.163.220.68 - - [15/Apr/2019:22:35:14 +0800] "GET /static/layuiadmin/layui/lay/modules/jquery.js HTTP/1.1" 200 97648 "http://119.29.225.142/views/console/" "Mozilla/5.0 (iPhone; CPU iPhone OS 11_0 like Mac OS X) AppleWebKit/604.1.38 (KHTML, like Gecko) Version/11.0 Mobile/15A372 Safari/604.1"
180.163.220.68 - - [15/Apr/2019:22:35:15 +0800] "GET /static/layuiadmin/layui/lay/modules/element.js HTTP/1.1" 200 7264 "http://119.29.225.142/views/console/" "Mozilla/5.0 (iPhone; CPU iPhone OS 11_0 like Mac OS X) AppleWebKit/604.1.38 (KHTML, like Gecko) Version/11.0 Mobile/15A372 Safari/604.1"
180.163.220.68 - - [15/Apr/2019:22:35:16 +0800] "GET /static/layuiadmin/layui/lay/modules/util.js HTTP/1.1" 200 3458 "http://119.29.225.142/views/console/" "Mozilla/5.0 (iPhone; CPU iPhone OS 11_0 like Mac OS X) AppleWebKit/604.1.38 (KHTML, like Gecko) Version/11.0 Mobile/15A372 Safari/604.1"
180.163.220.68 - - [15/Apr/2019:22:35:16 +0800] "GET /static/layuiadmin/lib/admin.js HTTP/1.1" 200 25706 "http://119.29.225.142/views/console/" "Mozilla/5.0 (iPhone; CPU iPhone OS 11_0 like Mac OS X) AppleWebKit/604.1.38 (KHTML, like Gecko) Version/11.0 Mobile/15A372 Safari/604.1"
180.163.220.68 - - [15/Apr/2019:22:35:17 +0800] "GET /static/layuiadmin/lib/view.js HTTP/1.1" 200 9831 "http://119.29.225.142/views/console/" "Mozilla/5.0 (iPhone; CPU iPhone OS 11_0 like Mac OS X) AppleWebKit/604.1.38 (KHTML, like Gecko) Version/11.0 Mobile/15A372 Safari/604.1"
180.163.220.4 - - [15/Apr/2019:22:35:17 +0800] "GET /static/layuiadmin/modules/console.js HTTP/1.1" 200 5135 "http://119.29.225.142/views/console/" "Mozilla/5.0 (iPhone; CPU iPhone OS 11_0 like Mac OS X) AppleWebKit/604.1.38 (KHTML, like Gecko) Version/11.0 Mobile/15A372 Safari/604.1"
180.163.220.68 - - [15/Apr/2019:22:35:17 +0800] "GET /static/layuiadmin/modules/common.js HTTP/1.1" 200 1009 "http://119.29.225.142/views/console/" "Mozilla/5.0 (iPhone; CPU iPhone OS 11_0 like Mac OS X) AppleWebKit/604.1.38 (KHTML, like Gecko) Version/11.0 Mobile/15A372 Safari/604.1"
180.163.220.4 - - [15/Apr/2019:22:35:17 +0800] "GET /static/layuiadmin/layui/lay/modules/carousel.js HTTP/1.1" 200 3839 "http://119.29.225.142/views/console/" "Mozilla/5.0 (iPhone; CPU iPhone OS 11_0 like Mac OS X) AppleWebKit/604.1.38 (KHTML, like Gecko) Version/11.0 Mobile/15A372 Safari/604.1"
101.91.60.105 - - [15/Apr/2019:22:35:37 +0800] "GET / HTTP/1.1" 200 12678 "22F93510D2EF14BE50112.17.236.131" "Mozilla/5.0 (Windows NT 6.1; WOW64) AppleWebKit/537.36 (KHTML, like Gecko) Chrome/56.0.2924.87 Safari/537.36"
101.91.60.105 - - [15/Apr/2019:22:35:37 +0800] "GET /views/console HTTP/1.1" 301 0 "http://119.29.225.142/" "Mozilla/5.0 (Windows NT 6.1; WOW64; Trident/7.0; SLCC2; .NET CLR 2.0.50727; .NET CLR 3.5.30729; .NET CLR 3.0.30729; Media Center PC 6.0; .NET4.0C; .NET4.0E; InfoPath.3; rv:11.0) like Gecko"
101.91.60.105 - - [15/Apr/2019:22:35:37 +0800] "GET /static/layuiadmin/layui/layui.js HTTP/1.1" 200 6667 "http://119.29.225.142/" "Mozilla/5.0 (Windows NT 6.1; WOW64) AppleWebKit/537.36 (KHTML, like Gecko) Chrome/45.0.2454.101 Safari/537.36"
112.17.236.131 - - [15/Apr/2019:22:47:34 +0800] "GET / HTTP/1.1" 200 12678 "-" "Mozilla/5.0 (Windows NT 10.0; WOW64) AppleWebKit/537.36 (KHTML, like Gecko) Chrome/71.0.3578.98 Safari/537.36"
112.17.236.131 - - [15/Apr/2019:22:47:34 +0800] "GET /views/console/ HTTP/1.1" 200 13449 "http://119.29.225.142/" "Mozilla/5.0 (Windows NT 10.0; WOW64) AppleWebKit/537.36 (KHTML, like Gecko) Chrome/71.0.3578.98 Safari/537.36"
112.17.236.131 - - [15/Apr/2019:22:47:36 +0800] "GET /doctor/login1 HTTP/1.1" 301 0 "http://119.29.225.142/" "Mozilla/5.0 (Windows NT 10.0; WOW64) AppleWebKit/537.36 (KHTML, like Gecko) Chrome/71.0.3578.98 Safari/537.36"
112.17.236.131 - - [15/Apr/2019:22:47:36 +0800] "GET /doctor/login1/ HTTP/1.1" 200 5618 "http://119.29.225.142/" "Mozilla/5.0 (Windows NT 10.0; WOW64) AppleWebKit/537.36 (KHTML, like Gecko) Chrome/71.0.3578.98 Safari/537.36"
112.17.236.131 - - [15/Apr/2019:22:47:36 +0800] "GET /static/users/js/lay/modules/form.js HTTP/1.1" 200 15338 "http://119.29.225.142/doctor/login1/" "Mozilla/5.0 (Windows NT 10.0; WOW64) AppleWebKit/537.36 (KHTML, like Gecko) Chrome/71.0.3578.98 Safari/537.36"
112.17.236.131 - - [15/Apr/2019:22:47:37 +0800] "GET /static/images/background1.jpg HTTP/1.1" 200 58960 "http://119.29.225.142/static/users/css/admin.css" "Mozilla/5.0 (Windows NT 10.0; WOW64) AppleWebKit/537.36 (KHTML, like Gecko) Chrome/71.0.3578.98 Safari/537.36"
112.17.236.131 - - [15/Apr/2019:22:47:37 +0800] "GET /doctor/login1/code.jpg HTTP/1.1" 404 1121 "http://119.29.225.142/doctor/login1/" "Mozilla/5.0 (Windows NT 10.0; WOW64) AppleWebKit/537.36 (KHTML, like Gecko) Chrome/71.0.3578.98 Safari/537.36"
112.17.236.131 - - [15/Apr/2019:22:51:39 +0800] "GET /views/consoles/ HTTP/1.1" 200 10034 "http://119.29.225.142/" "Mozilla/5.0 (Windows NT 10.0; WOW64) AppleWebKit/537.36 (KHTML, like Gecko) Chrome/58.0.3029.110 Safari/537.36 SE 2.X MetaSr 1.0"
80.82.70.187 - - [15/Apr/2019:23:16:45 +0800] "GET http://www.baidu.com/cache/global/img/gs.gif HTTP/1.1" 404 1121 "-" "Mozilla"
45.76.144.219 - - [15/Apr/2019:23:33:59 +0800] "GET / HTTP/1.1" 200 12678 "-" "python-requests/2.18.4"
